Archive member included to satisfy reference by file (symbol)

ch32fun/ch32fun//../misc/libgcc.a(div.o)
                              /tmp/cctsaXtB.ltrans0.ltrans.o (__udivsi3)

Discarded input sections

 .text          0x00000000        0x0 /tmp/cctsaXtB.ltrans0.ltrans.o
 .data          0x00000000        0x0 /tmp/cctsaXtB.ltrans0.ltrans.o
 .bss           0x00000000        0x0 /tmp/cctsaXtB.ltrans0.ltrans.o
 .text.mini_pad
                0x00000000       0x8a /tmp/cctsaXtB.ltrans0.ltrans.o
 .text._puts    0x00000000       0x40 /tmp/cctsaXtB.ltrans0.ltrans.o
 .text.mini_itoa.part.0
                0x00000000       0xcc /tmp/cctsaXtB.ltrans0.ltrans.o
 .text.internal_handle_input.constprop.0
                0x00000000        0xa /tmp/cctsaXtB.ltrans0.ltrans.o
 .text._write.constprop.0
                0x00000000       0xf0 /tmp/cctsaXtB.ltrans0.ltrans.o
 .text.__puts_uart
                0x00000000       0x1a /tmp/cctsaXtB.ltrans0.ltrans.o
 .text.strlen   0x00000000       0x12 /tmp/cctsaXtB.ltrans0.ltrans.o
 .text.mini_vpprintf
                0x00000000      0x1d8 /tmp/cctsaXtB.ltrans0.ltrans.o
 .text.printf   0x00000000       0x2c /tmp/cctsaXtB.ltrans0.ltrans.o
 .text.vprintf  0x00000000       0x16 /tmp/cctsaXtB.ltrans0.ltrans.o
 .text.mini_vsnprintf
                0x00000000       0x42 /tmp/cctsaXtB.ltrans0.ltrans.o
 .text.snprintf
                0x00000000       0x1c /tmp/cctsaXtB.ltrans0.ltrans.o
 .text.sprintf  0x00000000       0x26 /tmp/cctsaXtB.ltrans0.ltrans.o
 .text.memset   0x00000000       0x12 /tmp/cctsaXtB.ltrans0.ltrans.o
 .text.strcpy   0x00000000       0x14 /tmp/cctsaXtB.ltrans0.ltrans.o
 .text.strncpy  0x00000000       0x1c /tmp/cctsaXtB.ltrans0.ltrans.o
 .text.strcmp   0x00000000       0x1a /tmp/cctsaXtB.ltrans0.ltrans.o
 .text.strncmp  0x00000000       0x2e /tmp/cctsaXtB.ltrans0.ltrans.o
 .text.strchr   0x00000000       0x16 /tmp/cctsaXtB.ltrans0.ltrans.o
 .text.strrchr  0x00000000       0x3c /tmp/cctsaXtB.ltrans0.ltrans.o
 .text.memcpy   0x00000000       0x1c /tmp/cctsaXtB.ltrans0.ltrans.o
 .text.memcmp   0x00000000       0x20 /tmp/cctsaXtB.ltrans0.ltrans.o
 .text.memmove  0x00000000       0x5e /tmp/cctsaXtB.ltrans0.ltrans.o
 .text.memchr   0x00000000       0x1a /tmp/cctsaXtB.ltrans0.ltrans.o
 .text.strnlen  0x00000000       0x2a /tmp/cctsaXtB.ltrans0.ltrans.o
 .text.twoway_strstr
                0x00000000      0x232 /tmp/cctsaXtB.ltrans0.ltrans.o
 .text.strstr   0x00000000      0x11c /tmp/cctsaXtB.ltrans0.ltrans.o
 .rodata.puts.str1.4
                0x00000000        0x2 /tmp/cctsaXtB.ltrans0.ltrans.o
 .text.puts     0x00000000       0x40 /tmp/cctsaXtB.ltrans0.ltrans.o
 .text.setjmp   0x00000000       0x10 /tmp/cctsaXtB.ltrans0.ltrans.o
 .text.longjmp  0x00000000       0x14 /tmp/cctsaXtB.ltrans0.ltrans.o
 .text.putchar  0x00000000       0x68 /tmp/cctsaXtB.ltrans0.ltrans.o
 .rodata.APBAHBPrescTable.lto_priv.0
                0x00000000       0x10 /tmp/cctsaXtB.ltrans0.ltrans.o
 .rodata.ADCPrescTable.lto_priv.0
                0x00000000       0x14 /tmp/cctsaXtB.ltrans0.ltrans.o
 .rodata.APBAHBPrescTable.lto_priv.1
                0x00000000       0x10 /tmp/cctsaXtB.ltrans0.ltrans.o
 .rodata.ADCPrescTable.lto_priv.1
                0x00000000       0x14 /tmp/cctsaXtB.ltrans0.ltrans.o
 .rodata.APBAHBPrescTable.lto_priv.2
                0x00000000       0x10 /tmp/cctsaXtB.ltrans0.ltrans.o
 .rodata.ADCPrescTable.lto_priv.2
                0x00000000       0x14 /tmp/cctsaXtB.ltrans0.ltrans.o
 .rodata.APBAHBPrescTable.lto_priv.3
                0x00000000       0x10 /tmp/cctsaXtB.ltrans0.ltrans.o
 .rodata.ADCPrescTable.lto_priv.3
                0x00000000       0x14 /tmp/cctsaXtB.ltrans0.ltrans.o
 .rodata.APBAHBPrescTable.lto_priv.4
                0x00000000       0x10 /tmp/cctsaXtB.ltrans0.ltrans.o
 .rodata.ADCPrescTable.lto_priv.4
                0x00000000       0x14 /tmp/cctsaXtB.ltrans0.ltrans.o
 .comment       0x00000000       0x19 /tmp/cctsaXtB.ltrans0.ltrans.o
 .note.GNU-stack
                0x00000000        0x0 /tmp/cctsaXtB.ltrans0.ltrans.o
 .comment       0x00000000       0x19 /tmp/ccAzvpT6.debug.temp.o
 .note.GNU-stack
                0x00000000        0x0 /tmp/ccAzvpT6.debug.temp.o
 .comment       0x00000000       0x19 /tmp/cc9hU2Lg.debug.temp.o
 .note.GNU-stack
                0x00000000        0x0 /tmp/cc9hU2Lg.debug.temp.o
 .comment       0x00000000       0x19 /tmp/ccAMVbVX.debug.temp.o
 .note.GNU-stack
                0x00000000        0x0 /tmp/ccAMVbVX.debug.temp.o
 .comment       0x00000000       0x19 /tmp/ccWi4rJT.debug.temp.o
 .note.GNU-stack
                0x00000000        0x0 /tmp/ccWi4rJT.debug.temp.o
 .comment       0x00000000       0x19 /tmp/ccZWzOpA.debug.temp.o
 .note.GNU-stack
                0x00000000        0x0 /tmp/ccZWzOpA.debug.temp.o
 .data          0x00000000        0x0 ch32fun/ch32fun//../misc/libgcc.a(div.o)
 .bss           0x00000000        0x0 ch32fun/ch32fun//../misc/libgcc.a(div.o)

Memory Configuration

Name             Origin             Length             Attributes
FLASH            0x00000000         0x00004000         xr
RAM              0x20000000         0x00000800         xrw
*default*        0x00000000         0xffffffff

Linker script and memory map

LOAD /tmp/ccJwYHXv.o
LOAD /tmp/cctsaXtB.ltrans0.ltrans.o
LOAD /tmp/ccAzvpT6.debug.temp.o
LOAD /tmp/cc9hU2Lg.debug.temp.o
LOAD /tmp/ccAMVbVX.debug.temp.o
LOAD /tmp/ccWi4rJT.debug.temp.o
LOAD /tmp/ccZWzOpA.debug.temp.o
LOAD /tmp/cckhB4Lf.o
LOAD /tmp/cchERB2Q.o
LOAD /tmp/cco7XYgx.o
LOAD /tmp/cck9XWih.o
LOAD ch32fun/ch32fun//../misc/libgcc.a
LOAD ch32fun/ch32fun//../misc/libgcc.a

.init           0x00000000       0xa0
                0x00000000                        _sinit = .
                0x00000000                        . = ALIGN (0x4)
 *(SORT_NONE(.init))
 .init          0x00000000       0x9e /tmp/cctsaXtB.ltrans0.ltrans.o
                0x00000000                InterruptVectorDefault
                0x00000000                InterruptVector
                0x000000a0                        . = ALIGN (0x4)
 *fill*         0x0000009e        0x2 
                0x000000a0                        _einit = .

.text           0x000000a0      0x3f8
                0x000000a0                        . = ALIGN (0x4)
 *(.text)
 .text          0x000000a0       0x7e ch32fun/ch32fun//../misc/libgcc.a(div.o)
                0x000000a0                __divsi3
                0x000000a8                __hidden___udivsi3
                0x000000a8                __udivsi3
                0x000000d4                __umodsi3
                0x000000f8                __modsi3
 *(.text.*)
 .text.PrintHex
                0x0000011e       0x5a /tmp/cctsaXtB.ltrans0.ltrans.o
 .text.uart_send_char
                0x00000178       0x14 /tmp/cctsaXtB.ltrans0.ltrans.o
 .text.uart_send_string
                0x0000018c       0x1c /tmp/cctsaXtB.ltrans0.ltrans.o
 .text.handle_reset
                0x000001a8       0x74 /tmp/cctsaXtB.ltrans0.ltrans.o
                0x000001a8                handle_reset
 .text.vector_handler
                0x0000021c       0x5a /tmp/cctsaXtB.ltrans0.ltrans.o
                0x0000021c                OPCM_IRQHandler
                0x0000021c                EXTI2_IRQHandler
                0x0000021c                TIM8_TRG_COM_IRQHandler
                0x0000021c                TIM8_CC_IRQHandler
                0x0000021c                USART_WKUP_IRQHandler
                0x0000021c                UART8_IRQHandler
                0x0000021c                SPI4_IRQHandler
                0x0000021c                NFC_IRQHandler
                0x0000021c                DFSDM0_IRQHandler
                0x0000021c                TIM1_CC_IRQHandler
                0x0000021c                HardFault_Handler
                0x0000021c                TIM10_IRQHandler
                0x0000021c                GPIOB_IRQHandler
                0x0000021c                IPC_CH2_Handler
                0x0000021c                USBPD_IRQHandler
                0x0000021c                TIM6_IRQHandler
                0x0000021c                GPIOA_IRQHandler
                0x0000021c                SysTick_Handler
                0x0000021c                CAN3_RX1_IRQHandler
                0x0000021c                I3C_ER_IRQHandler
                0x0000021c                PVD_IRQHandler
                0x0000021c                SDIO_IRQHandler
                0x0000021c                TIM9_BRK_IRQHandler
                0x0000021c                DMA2_Channel8_IRQHandler
                0x0000021c                CAN2_RX1_IRQHandler
                0x0000021c                EXTI3_IRQHandler
                0x0000021c                HSEM_Handler
                0x0000021c                UART1_IRQHandler
                0x0000021c                USBHS_IRQHandler
                0x0000021c                LPTIM2_IRQHandler
                0x0000021c                DMA2_Channel9_IRQHandler
                0x0000021c                TIM10_CC_IRQHandler
                0x0000021c                EXTI25_16_IRQHandler
                0x0000021c                I2C3_ER_IRQHandler
                0x0000021c                USBFS_IRQHandler
                0x0000021c                UART0_IRQHandler
                0x0000021c                USART8_IRQHandler
                0x0000021c                EXTI0_IRQHandler
                0x0000021c                I2C2_EV_IRQHandler
                0x0000021c                TIM10_TRG_COM_IRQHandler
                0x0000021c                LPTIM_IRQHandler
                0x0000021c                CAN1_RX0_IRQHandler
                0x0000021c                CAN3_SCE_IRQHandler
                0x0000021c                CAN2_SCE_IRQHandler
                0x0000021c                ADC1_2_IRQHandler
                0x0000021c                BB_IRQHandler
                0x0000021c                Break_Point_Handler
                0x0000021c                IPC_CH0_Handler
                0x0000021c                TIM2_CC_IRQHandler
                0x0000021c                SPI1_IRQHandler
                0x0000021c                USART5_IRQHandler
                0x0000021c                TAMPER_IRQHandler
                0x0000021c                TMR0_IRQHandler
                0x0000021c                AWU_IRQHandler
                0x0000021c                EXTI7_0_IRQHandler
                0x0000021c                CAN2_RX0_IRQHandler
                0x0000021c                OSCWakeUp_IRQHandler
                0x0000021c                TIM8_UP_IRQHandler
                0x0000021c                Ecall_M_Mode_Handler
                0x0000021c                ECDC_IRQHandler
                0x0000021c                SDMMC_IRQHandler
                0x0000021c                USART7_IRQHandler
                0x0000021c                DMA2_Channel2_IRQHandler
                0x0000021c                DMA1_Channel4_IRQHandler
                0x0000021c                ADC1_IRQHandler
                0x0000021c                TIM2_BRK_IRQHandler
                0x0000021c                USART6_IRQHandler
                0x0000021c                CAN3_RX0_IRQHandler
                0x0000021c                HSADC_IRQHandler
                0x0000021c                TIM9_UP_IRQHandler
                0x0000021c                USART3_IRQHandler
                0x0000021c                RTC_IRQHandler
                0x0000021c                DMA1_Channel7_IRQHandler
                0x0000021c                LED_IRQHandler
                0x0000021c                CAN1_RX1_IRQHandler
                0x0000021c                DVP_IRQHandler
                0x0000021c                UART5_IRQHandler
                0x0000021c                USBSS_IRQHandler
                0x0000021c                SWPMI_IRQHandler
                0x0000021c                USBPDWakeUp_IRQHandler
                0x0000021c                EXTI15_8_IRQHandler
                0x0000021c                TIM4_IRQHandler
                0x0000021c                DMA2_Channel1_IRQHandler
                0x0000021c                SWPMI_WKUP_IRQHandler
                0x0000021c                USBPD_WKUP_IRQHandler
                0x0000021c                I2C1_EV_IRQHandler
                0x0000021c                USBSSWakeup_IRQHandler
                0x0000021c                UART2_IRQHandler
                0x0000021c                USART4_IRQHandler
                0x0000021c                PWMX_IRQHandler
                0x0000021c                DMA1_Channel6_IRQHandler
                0x0000021c                UART4_IRQHandler
                0x0000021c                DMA2_Channel4_IRQHandler
                0x0000021c                TIM3_IRQHandler
                0x0000021c                RCC_IRQHandler
                0x0000021c                TIM1_TRG_COM_IRQHandler
                0x0000021c                DMA1_Channel1_IRQHandler
                0x0000021c                DMA2_Channel7_IRQHandler
                0x0000021c                QSPI1_IRQHandler
                0x0000021c                EXTI15_10_IRQHandler
                0x0000021c                ADC_IRQHandler
                0x0000021c                IPC_CH3_Handler
                0x0000021c                DMA1_Channel8_IRQHandler
                0x0000021c                I3C_EV_IRQHandler
                0x0000021c                TMR2_IRQHandler
                0x0000021c                I3C_WKUP_IRQHandler
                0x0000021c                DefaultIRQHandler
                0x0000021c                TIM12_IRQHandler
                0x0000021c                TIM7_IRQHandler
                0x0000021c                CAN2_TX_IRQHandler
                0x0000021c                TIM5_IRQHandler
                0x0000021c                I2C3_EV_IRQHandler
                0x0000021c                USB_IRQHandler
                0x0000021c                EXTI9_5_IRQHandler
                0x0000021c                PIOC_IRQHandler
                0x0000021c                TIM9_IRQHandler
                0x0000021c                LTDC_IRQHandler
                0x0000021c                SAI_IRQHandler
                0x0000021c                SPI2_IRQHandler
                0x0000021c                OSC32KCal_IRQHandler
                0x0000021c                IPC_CH1_Handler
                0x0000021c                I2C_IRQHandler
                0x0000021c                LPTIM1_WKUP_IRQHandler
                0x0000021c                TIM10_BRK_IRQHandler
                0x0000021c                TIM9_CC_IRQHandler
                0x0000021c                CAN1_TX_IRQHandler
                0x0000021c                DMA2_Channel5_IRQHandler
                0x0000021c                USB2_IRQHandler
                0x0000021c                USBHSWakeUp_IRQHandler
                0x0000021c                DMA1_Channel5_IRQHandler
                0x0000021c                EXTI4_IRQHandler
                0x0000021c                USB_LP_CAN1_RX0_IRQHandler
                0x0000021c                QSPI2_IRQHandler
                0x0000021c                RNG_IRQHandler
                0x0000021c                USB_HP_CAN1_TX_IRQHandler
                0x0000021c                LLE_IRQHandler
                0x0000021c                CMPWakeUp_IRQHandler
                0x0000021c                DMA1_Channel3_IRQHandler
                0x0000021c                FSMC_IRQHandler
                0x0000021c                ETH_IRQHandler
                0x0000021c                TIM1_UP_IRQHandler
                0x0000021c                LPTIMWakeUp_IRQHandler
                0x0000021c                WWDG_IRQHandler
                0x0000021c                USBHSWakeup_IRQHandler
                0x0000021c                DMA2_Channel11_IRQHandler
                0x0000021c                WDOG_BAT_IRQHandler
                0x0000021c                Ecall_U_Mode_Handler
                0x0000021c                I2C4_EV_IRQHandler
                0x0000021c                CAN3_TX_IRQHandler
                0x0000021c                TMR3_IRQHandler
                0x0000021c                DMA2_Channel6_IRQHandler
                0x0000021c                SW_Handler
                0x0000021c                TIM1_BRK_IRQHandler
                0x0000021c                GPHA_IRQHandler
                0x0000021c                OPA_IRQHandler
                0x0000021c                DMA2_Channel10_IRQHandler
                0x0000021c                EXTI1_IRQHandler
                0x0000021c                SPI0_IRQHandler
                0x0000021c                USB2_HOST_IRQHandler
                0x0000021c                LPTIM2_WKUP_IRQHandler
                0x0000021c                RTCAlarm_IRQHandler
                0x0000021c                TIM11_IRQHandler
                0x0000021c                TIM10_UP_IRQHandler
                0x0000021c                TIM9_TRG_COM_IRQHandler
                0x0000021c                UART7_IRQHandler
                0x0000021c                USART2_IRQHandler
                0x0000021c                UART6_IRQHandler
                0x0000021c                UHSIF_IRQHandler
                0x0000021c                ETHWakeUp_IRQHandler
                0x0000021c                I2C2_ER_IRQHandler
                0x0000021c                DMA1_Channel2_IRQHandler
                0x0000021c                TIM8_BRK_IRQHandler
                0x0000021c                TIM2_TRG_IRQHandler
                0x0000021c                CAN1_SCE_IRQHandler
                0x0000021c                FLASH_IRQHandler
                0x0000021c                USBFSWakeUp_IRQHandler
                0x0000021c                USART1_IRQHandler
                0x0000021c                OTG_FS_IRQHandler
                0x0000021c                SPI3_IRQHandler
                0x0000021c                USBFS_WakeUp_IRQHandler
                0x0000021c                UART3_IRQHandler
                0x0000021c                I2C1_ER_IRQHandler
                0x0000021c                FMC_IRQHandler
                0x0000021c                USB2_DEVICE_IRQHandler
                0x0000021c                LPTIM1_IRQHandler
                0x0000021c                DFSDM1_IRQHandler
                0x0000021c                TMR1_IRQHandler
                0x0000021c                I2C4_ER_IRQHandler
                0x0000021c                SERDES_IRQHandler
                0x0000021c                USBSS_LINK_IRQHandler
                0x0000021c                USBWakeUp_IRQHandler
                0x0000021c                DMA2_Channel3_IRQHandler
                0x00000268                NMI_Handler
                0x00000268                NMI_RCC_CSS_IRQHandler
 .text.SystemInit
                0x00000276       0x54 /tmp/cctsaXtB.ltrans0.ltrans.o
                0x00000276                SystemInit
 .text.startup.main
                0x000002ca      0x160 /tmp/cctsaXtB.ltrans0.ltrans.o
                0x000002ca                main
 .text.TIM2_IRQHandler
                0x0000042a       0x38 /tmp/cctsaXtB.ltrans0.ltrans.o
 *(.rodata)
 *(.rodata*)
 *fill*         0x00000462        0x2 
 .rodata.main.str1.4
                0x00000464       0x34 /tmp/cctsaXtB.ltrans0.ltrans.o
 *(.gnu.linkonce.t.*)
                0x00000498                        . = ALIGN (0x4)

.rela.dyn       0x00000498        0x0
 .rela.text.handle_reset
                0x00000498        0x0 /tmp/cctsaXtB.ltrans0.ltrans.o

.fini           0x00000498        0x0
 *(SORT_NONE(.fini))
                0x00000498                        . = ALIGN (0x4)
                [!provide]                        PROVIDE (_etext = .)
                [!provide]                        PROVIDE (_eitcm = .)

.preinit_array  0x00000498        0x0
                [!provide]                        PROVIDE (__preinit_array_start = .)
 *(.preinit_array)
                [!provide]                        PROVIDE (__preinit_array_end = .)

.init_array     0x00000498        0x0
                0x00000498                        PROVIDE (__init_array_start = .)
 *(SORT_BY_INIT_PRIORITY(.init_array.*) SORT_BY_INIT_PRIORITY(.ctors.*))
 *(.init_array EXCLUDE_FILE(*crtend?.o *crtend.o *crtbegin?.o *crtbegin.o) .ctors)
                0x00000498                        PROVIDE (__init_array_end = .)

.fini_array     0x00000498        0x0
                [!provide]                        PROVIDE (__fini_array_start = .)
 *(SORT_BY_INIT_PRIORITY(.fini_array.*) SORT_BY_INIT_PRIORITY(.dtors.*))
 *(.fini_array EXCLUDE_FILE(*crtend?.o *crtend.o *crtbegin?.o *crtbegin.o) .dtors)
                [!provide]                        PROVIDE (__fini_array_end = .)

.ctors
 *crtbegin.o(.ctors)
 *crtbegin?.o(.ctors)
 *(EXCLUDE_FILE(*crtend?.o *crtend.o) .ctors)
 *(SORT_BY_NAME(.ctors.*))
 *(.ctors)

.dtors
 *crtbegin.o(.dtors)
 *crtbegin?.o(.dtors)
 *(EXCLUDE_FILE(*crtend?.o *crtend.o) .dtors)
 *(SORT_BY_NAME(.dtors.*))
 *(.dtors)

.dalign         0x20000000        0x0 load address 0x00000498
                0x20000000                        . = ALIGN (0x4)
                0x20000000                        PROVIDE (_data_vma = .)

.dlalign        0x00000498        0x0
                0x00000498                        . = ALIGN (0x4)
                0x00000498                        PROVIDE (_data_lma = .)

.data           0x20000000        0x0 load address 0x00000498
                0x20000000                        . = ALIGN (0x4)
                0x200003fc                        __global_pointer$ = (. + 0x3fc)
 *(.gnu.linkonce.r.*)
 *(.data .data.*)
 *(.gnu.linkonce.d.*)
                0x20000000                        . = ALIGN (0x8)
 *(.sdata .sdata.*)
 *(.sdata2*)
 *(.gnu.linkonce.s.*)
                0x20000000                        . = ALIGN (0x8)
 *(.srodata.cst16)
 *(.srodata.cst8)
 *(.srodata.cst4)
 *(.srodata.cst2)
 *(.srodata .srodata.*)
                0x20000000                        . = ALIGN (0x4)
                0x20000000                        PROVIDE (_edata = .)

.bss            0x20000000        0x4 load address 0x00000498
                0x20000000                        . = ALIGN (0x4)
                0x20000000                        PROVIDE (_sbss = .)
 *(.sbss*)
 .sbss.ticks    0x20000000        0x4 /tmp/cctsaXtB.ltrans0.ltrans.o
 *(.gnu.linkonce.sb.*)
 *(.bss*)
 *(.gnu.linkonce.b.*)
 *(COMMON*)
                0x20000004                        . = ALIGN (0x4)
                0x20000004                        PROVIDE (_ebss = .)
                [!provide]                        PROVIDE (_end = _ebss)
                [!provide]                        PROVIDE (end = .)
                0x20000800                        PROVIDE (_eusrstack = (ORIGIN (RAM) + LENGTH (RAM)))

/DISCARD/
 *(.note .note.*)
 *(.eh_frame .eh_frame.*)
 *(.comment .comment.*)
 *(.ARM.extab* .gnu.linkonce.armextab.*)
 *(.ARM.exidx*)
OUTPUT(app/main.elf elf32-littleriscv)

.riscv.attributes
                0x00000000       0x2c
 .riscv.attributes
                0x00000000       0x2c /tmp/cctsaXtB.ltrans0.ltrans.o
 .riscv.attributes
                0x0000002c       0x1f ch32fun/ch32fun//../misc/libgcc.a(div.o)

.debug_info     0x00000000     0x312e
 .debug_info    0x00000000     0x11cd /tmp/cctsaXtB.ltrans0.ltrans.o
 .debug_info    0x000011cd     0x1143 /tmp/ccAzvpT6.debug.temp.o
                0x000011cd                ch32fun.c.6e40876d
 .debug_info    0x00002310      0x184 /tmp/cc9hU2Lg.debug.temp.o
                0x00002310                main.c.ad2c3644
 .debug_info    0x00002494      0x6d6 /tmp/ccAMVbVX.debug.temp.o
                0x00002494                timer.c.73eee9d8
 .debug_info    0x00002b6a      0x262 /tmp/ccWi4rJT.debug.temp.o
                0x00002b6a                gpio.c.703759b1
 .debug_info    0x00002dcc      0x305 /tmp/ccZWzOpA.debug.temp.o
                0x00002dcc                uart.c.05886d54
 .debug_info    0x000030d1       0x5d ch32fun/ch32fun//../misc/libgcc.a(div.o)

.debug_abbrev   0x00000000      0x8a4
 .debug_abbrev  0x00000000      0x1e0 /tmp/cctsaXtB.ltrans0.ltrans.o
 .debug_abbrev  0x000001e0      0x27a /tmp/ccAzvpT6.debug.temp.o
 .debug_abbrev  0x0000045a       0xdc /tmp/cc9hU2Lg.debug.temp.o
 .debug_abbrev  0x00000536      0x16a /tmp/ccAMVbVX.debug.temp.o
 .debug_abbrev  0x000006a0       0xe1 /tmp/ccWi4rJT.debug.temp.o
 .debug_abbrev  0x00000781       0xfb /tmp/ccZWzOpA.debug.temp.o
 .debug_abbrev  0x0000087c       0x28 ch32fun/ch32fun//../misc/libgcc.a(div.o)

.debug_loclists
                0x00000000     0x1517
 .debug_loclists
                0x00000000     0x1517 /tmp/cctsaXtB.ltrans0.ltrans.o

.debug_aranges  0x00000000      0x180
 .debug_aranges
                0x00000000      0x160 /tmp/cctsaXtB.ltrans0.ltrans.o
 .debug_aranges
                0x00000160       0x20 ch32fun/ch32fun//../misc/libgcc.a(div.o)

.debug_rnglists
                0x00000000      0x1ff
 .debug_rnglists
                0x00000000      0x1ff /tmp/cctsaXtB.ltrans0.ltrans.o

.debug_line     0x00000000     0x2dcf
 .debug_line    0x00000000     0x2a9a /tmp/cctsaXtB.ltrans0.ltrans.o
 .debug_line    0x00002a9a       0x71 /tmp/ccAzvpT6.debug.temp.o
 .debug_line    0x00002b0b       0x6d /tmp/cc9hU2Lg.debug.temp.o
 .debug_line    0x00002b78       0x5a /tmp/ccAMVbVX.debug.temp.o
 .debug_line    0x00002bd2       0x55 /tmp/ccWi4rJT.debug.temp.o
 .debug_line    0x00002c27       0x55 /tmp/ccZWzOpA.debug.temp.o
 .debug_line    0x00002c7c      0x153 ch32fun/ch32fun//../misc/libgcc.a(div.o)

.debug_str      0x00000000      0xc57
 .debug_str     0x00000000      0xc57 /tmp/cctsaXtB.ltrans0.ltrans.o
                                0x19d (size before relaxing)
 .debug_str     0x00000c57        0x0 /tmp/ccAzvpT6.debug.temp.o
                                0x751 (size before relaxing)
 .debug_str     0x00000c57        0x0 /tmp/cc9hU2Lg.debug.temp.o
                                0x203 (size before relaxing)
 .debug_str     0x00000c57        0x0 /tmp/ccAMVbVX.debug.temp.o
                                0x554 (size before relaxing)
 .debug_str     0x00000c57        0x0 /tmp/ccWi4rJT.debug.temp.o
                                0x24b (size before relaxing)
 .debug_str     0x00000c57        0x0 /tmp/ccZWzOpA.debug.temp.o
                                0x29c (size before relaxing)
 .debug_str     0x00000c57        0x0 ch32fun/ch32fun//../misc/libgcc.a(div.o)
                                 0xd9 (size before relaxing)

.debug_line_str
                0x00000000      0x263
 .debug_line_str
                0x00000000      0x263 /tmp/cctsaXtB.ltrans0.ltrans.o
                                0x112 (size before relaxing)
 .debug_line_str
                0x00000263        0x0 /tmp/ccAzvpT6.debug.temp.o
                                0x13f (size before relaxing)
 .debug_line_str
                0x00000263        0x0 /tmp/cc9hU2Lg.debug.temp.o
                                 0xed (size before relaxing)
 .debug_line_str
                0x00000263        0x0 /tmp/ccAMVbVX.debug.temp.o
                                 0xd6 (size before relaxing)
 .debug_line_str
                0x00000263        0x0 /tmp/ccWi4rJT.debug.temp.o
                                 0xca (size before relaxing)
 .debug_line_str
                0x00000263        0x0 /tmp/ccZWzOpA.debug.temp.o
                                 0xca (size before relaxing)
 .debug_line_str
                0x00000263        0x0 ch32fun/ch32fun//../misc/libgcc.a(div.o)
                                 0x92 (size before relaxing)

.debug_frame    0x00000000      0x3f0
 .debug_frame   0x00000000      0x3f0 /tmp/cctsaXtB.ltrans0.ltrans.o
