
app/main.elf:     file format elf32-littleriscv


Disassembly of section .init:

00000000 <InterruptVector>:
__attribute( ( weak, alias( "InterruptVectorDefault" ) ) ) __attribute( ( naked ) );
void InterruptVectorDefault() __attribute__( ( naked ) ) __attribute( ( section( ".init" ) ) ) __attribute( ( naked ) );
void InterruptVectorDefault( void )
{
#if !defined( FUNCONF_TINYVECTOR ) || !FUNCONF_TINYVECTOR
	asm volatile( DEFAULT_INTERRUPT_VECTOR_CONTENTS );
   0:	2680006f          	j	268 <handle_reset>
   4:	00000000          	.word	0x00000000
   8:	0000032c          	.word	0x0000032c
   c:	000002e0          	.word	0x000002e0
	...
  30:	000002e0          	.word	0x000002e0
  34:	00000000          	.word	0x00000000
  38:	000002e0          	.word	0x000002e0
  3c:	00000000          	.word	0x00000000
  40:	000002e0          	.word	0x000002e0
  44:	000002e0          	.word	0x000002e0
  48:	000002e0          	.word	0x000002e0
  4c:	000002e0          	.word	0x000002e0
  50:	000002e0          	.word	0x000002e0
  54:	000002e0          	.word	0x000002e0
  58:	000002e0          	.word	0x000002e0
  5c:	000002e0          	.word	0x000002e0
  60:	000002e0          	.word	0x000002e0
  64:	000002e0          	.word	0x000002e0
  68:	000002e0          	.word	0x000002e0
  6c:	000002e0          	.word	0x000002e0
  70:	000002e0          	.word	0x000002e0
  74:	000002e0          	.word	0x000002e0
  78:	000002e0          	.word	0x000002e0
  7c:	000002e0          	.word	0x000002e0
  80:	000002e0          	.word	0x000002e0
  84:	000002e0          	.word	0x000002e0
  88:	000002e0          	.word	0x000002e0
  8c:	000002e0          	.word	0x000002e0
  90:	000002e0          	.word	0x000002e0
  94:	000002e0          	.word	0x000002e0
  98:	00000714          	.word	0x00000714
  9c:	0001                	nop
	...

Disassembly of section .text:

000000a0 <__divsi3>:
  a0:	02054e63          	bltz	a0,dc <__umodsi3+0x8>
  a4:	0405c363          	bltz	a1,ea <__umodsi3+0x16>

000000a8 <__hidden___udivsi3>:
  a8:	862e                	mv	a2,a1
  aa:	85aa                	mv	a1,a0
  ac:	557d                	li	a0,-1
  ae:	c215                	beqz	a2,d2 <__hidden___udivsi3+0x2a>
  b0:	4685                	li	a3,1
  b2:	00b67863          	bgeu	a2,a1,c2 <__hidden___udivsi3+0x1a>
  b6:	00c05663          	blez	a2,c2 <__hidden___udivsi3+0x1a>
  ba:	0606                	slli	a2,a2,0x1
  bc:	0686                	slli	a3,a3,0x1
  be:	feb66ce3          	bltu	a2,a1,b6 <__hidden___udivsi3+0xe>
  c2:	4501                	li	a0,0
  c4:	00c5e463          	bltu	a1,a2,cc <__hidden___udivsi3+0x24>
  c8:	8d91                	sub	a1,a1,a2
  ca:	8d55                	or	a0,a0,a3
  cc:	8285                	srli	a3,a3,0x1
  ce:	8205                	srli	a2,a2,0x1
  d0:	faf5                	bnez	a3,c4 <__hidden___udivsi3+0x1c>
  d2:	8082                	ret

000000d4 <__umodsi3>:
  d4:	8286                	mv	t0,ra
  d6:	3fc9                	jal	a8 <__hidden___udivsi3>
  d8:	852e                	mv	a0,a1
  da:	8282                	jr	t0
  dc:	40a00533          	neg	a0,a0
  e0:	00b04763          	bgtz	a1,ee <__umodsi3+0x1a>
  e4:	40b005b3          	neg	a1,a1
  e8:	b7c1                	j	a8 <__hidden___udivsi3>
  ea:	40b005b3          	neg	a1,a1
  ee:	8286                	mv	t0,ra
  f0:	3f65                	jal	a8 <__hidden___udivsi3>
  f2:	40a00533          	neg	a0,a0
  f6:	8282                	jr	t0

000000f8 <__modsi3>:
  f8:	8286                	mv	t0,ra
  fa:	0005c763          	bltz	a1,108 <__modsi3+0x10>
  fe:	00054963          	bltz	a0,110 <__modsi3+0x18>
 102:	375d                	jal	a8 <__hidden___udivsi3>
 104:	852e                	mv	a0,a1
 106:	8282                	jr	t0
 108:	40b005b3          	neg	a1,a1
 10c:	fe055be3          	bgez	a0,102 <__modsi3+0xa>
 110:	40a00533          	neg	a0,a0
 114:	3f51                	jal	a8 <__hidden___udivsi3>
 116:	40b00533          	neg	a0,a1
 11a:	8282                	jr	t0
	...

0000011e <PrintHex>:
	while ( ( *DMDATA0 ) & 0x80 );
 11e:	e00007b7          	lui	a5,0xe0000
 122:	0f478793          	addi	a5,a5,244 # e00000f4 <_eusrstack+0xbffff8f4>
 126:	4398                	lw	a4,0(a5)
 128:	08077713          	andi	a4,a4,128
 12c:	ff6d                	bnez	a4,126 <PrintHex+0x8>
	*DMDATA0 = 0x78302088; //" 0x"
 12e:	78302737          	lui	a4,0x78302
 132:	08870713          	addi	a4,a4,136 # 78302088 <_eusrstack+0x58301888>
		while ( ( *DMDATA0 ) & 0x80 );
 136:	e00006b7          	lui	a3,0xe0000
	*DMDATA0 = 0x78302088; //" 0x"
 13a:	c398                	sw	a4,0(a5)
		while ( ( *DMDATA0 ) & 0x80 );
 13c:	0f468693          	addi	a3,a3,244 # e00000f4 <_eusrstack+0xbffff8f4>
	for ( shift = 28; shift >= 0; shift -= 4 )
 140:	4771                	li	a4,28
		s += ( s < 10 ) ? '0' : ( 'a' - 10 );
 142:	45a5                	li	a1,9
	for ( shift = 28; shift >= 0; shift -= 4 )
 144:	5671                	li	a2,-4
		while ( ( *DMDATA0 ) & 0x80 );
 146:	429c                	lw	a5,0(a3)
 148:	0807f793          	andi	a5,a5,128
 14c:	ffed                	bnez	a5,146 <PrintHex+0x28>
		int s = ( n >> shift ) & 0xf;
 14e:	00e55333          	srl	t1,a0,a4
 152:	00f37313          	andi	t1,t1,15
		s += ( s < 10 ) ? '0' : ( 'a' - 10 );
 156:	0065b7b3          	sltu	a5,a1,t1
 15a:	40f007b3          	neg	a5,a5
 15e:	0277f793          	andi	a5,a5,39
 162:	03078793          	addi	a5,a5,48
 166:	979a                	add	a5,a5,t1
		*DMDATA0 = 0x85 | ( s << 8 ); //" 0x"
 168:	07a2                	slli	a5,a5,0x8
 16a:	0857e793          	ori	a5,a5,133
 16e:	c29c                	sw	a5,0(a3)
	for ( shift = 28; shift >= 0; shift -= 4 )
 170:	1771                	addi	a4,a4,-4
 172:	fcc71ae3          	bne	a4,a2,146 <PrintHex+0x28>
}
 176:	8082                	ret

00000178 <str_eq>:
    n = n * 10 + (*s++ - '0');
  return n;
}

static int str_eq(const char *a, const char *b) {
  while (*a && *b)
 178:	00054783          	lbu	a5,0(a0)
 17c:	0005c703          	lbu	a4,0(a1)
 180:	c391                	beqz	a5,184 <str_eq+0xc>
 182:	e711                	bnez	a4,18e <str_eq+0x16>
    if (*a++ != *b++)
      return 0;
  return *a == *b;
 184:	40e78533          	sub	a0,a5,a4
 188:	00153513          	seqz	a0,a0
 18c:	8082                	ret
    if (*a++ != *b++)
 18e:	0505                	addi	a0,a0,1
 190:	0585                	addi	a1,a1,1
 192:	fee783e3          	beq	a5,a4,178 <str_eq>
      return 0;
 196:	4501                	li	a0,0
}
 198:	8082                	ret

0000019a <uart_send_char>:
    USART1->BRR = 0x1A1;
    USART1->CTLR1 |= USART_CTLR1_TE | USART_CTLR1_RE | USART_CTLR1_UE;
}

void uart_send_char(char c) {
    while (!(USART1->STATR & USART_STATR_TXE));
 19a:	400147b7          	lui	a5,0x40014
 19e:	80078793          	addi	a5,a5,-2048 # 40013800 <_eusrstack+0x20013000>
 1a2:	4398                	lw	a4,0(a5)
 1a4:	08077713          	andi	a4,a4,128
 1a8:	df6d                	beqz	a4,1a2 <uart_send_char+0x8>
    USART1->DATAR = c;
 1aa:	c3c8                	sw	a0,4(a5)
}
 1ac:	8082                	ret

000001ae <uart_send_string>:

void uart_send_string(const char *s) {
 1ae:	1161                	addi	sp,sp,-8
 1b0:	c022                	sw	s0,0(sp)
 1b2:	c206                	sw	ra,4(sp)
 1b4:	842a                	mv	s0,a0
    while (*s) uart_send_char(*s++);
 1b6:	00044503          	lbu	a0,0(s0)
 1ba:	e509                	bnez	a0,1c4 <uart_send_string+0x16>
}
 1bc:	4092                	lw	ra,4(sp)
 1be:	4402                	lw	s0,0(sp)
 1c0:	0121                	addi	sp,sp,8
 1c2:	8082                	ret
    while (*s) uart_send_char(*s++);
 1c4:	0405                	addi	s0,s0,1
 1c6:	3fd1                	jal	19a <uart_send_char>
 1c8:	b7fd                	j	1b6 <uart_send_string+0x8>

000001ca <print_help>:
  uart_send_string("\r\nCommands:\r\n");
 1ca:	4501                	li	a0,0
static void print_help(void) {
 1cc:	1171                	addi	sp,sp,-4
  uart_send_string("\r\nCommands:\r\n");
 1ce:	74400513          	li	a0,1860
static void print_help(void) {
 1d2:	c006                	sw	ra,0(sp)
  uart_send_string("\r\nCommands:\r\n");
 1d4:	3fe9                	jal	1ae <uart_send_string>
  uart_send_string("  help          - show this menu\r\n");
 1d6:	4501                	li	a0,0
 1d8:	75400513          	li	a0,1876
 1dc:	3fc9                	jal	1ae <uart_send_string>
  uart_send_string("  led on        - turn LED on\r\n");
 1de:	4501                	li	a0,0
 1e0:	77800513          	li	a0,1912
 1e4:	37e9                	jal	1ae <uart_send_string>
  uart_send_string("  led off       - turn LED off\r\n");
 1e6:	4501                	li	a0,0
 1e8:	79800513          	li	a0,1944
 1ec:	37c9                	jal	1ae <uart_send_string>
  uart_send_string("  blink <ms>    - blink LED every <ms> milliseconds\r\n");
 1ee:	4501                	li	a0,0
 1f0:	7bc00513          	li	a0,1980
 1f4:	3f6d                	jal	1ae <uart_send_string>
  uart_send_string("  read <pin>    - read GPIOD pin state\r\n");
 1f6:	4501                	li	a0,0
 1f8:	7f400513          	li	a0,2036
 1fc:	3f4d                	jal	1ae <uart_send_string>
}
 1fe:	4082                	lw	ra,0(sp)
  uart_send_string("  stop          - stop blinking\r\n\r\n");
 200:	6505                	lui	a0,0x1
 202:	82050513          	addi	a0,a0,-2016 # 820 <TIM2_IRQHandler+0x10c>
}
 206:	0111                	addi	sp,sp,4
  uart_send_string("  stop          - stop blinking\r\n\r\n");
 208:	b75d                	j	1ae <uart_send_string>

0000020a <uart_send_number>:

void uart_send_number(uint32_t n) {
    char buf[10];
    int i = 0;
    if (n == 0) { uart_send_char('0'); return; }
 20a:	e501                	bnez	a0,212 <uart_send_number+0x8>
 20c:	03000513          	li	a0,48
 210:	b769                	j	19a <uart_send_char>
void uart_send_number(uint32_t n) {
 212:	1101                	addi	sp,sp,-32
 214:	cc22                	sw	s0,24(sp)
 216:	ca26                	sw	s1,20(sp)
 218:	ce06                	sw	ra,28(sp)
 21a:	842a                	mv	s0,a0
 21c:	0038                	addi	a4,sp,8
    int i = 0;
 21e:	4481                	li	s1,0
    while (n > 0) { buf[i++] = '0' + (n % 10); n /= 10; }
 220:	45a9                	li	a1,10
 222:	8522                	mv	a0,s0
 224:	c03a                	sw	a4,0(sp)
 226:	357d                	jal	d4 <__umodsi3>
 228:	4702                	lw	a4,0(sp)
 22a:	03050513          	addi	a0,a0,48
 22e:	45a9                	li	a1,10
 230:	00a70023          	sb	a0,0(a4)
 234:	8522                	mv	a0,s0
 236:	c23a                	sw	a4,4(sp)
 238:	c022                	sw	s0,0(sp)
 23a:	35bd                	jal	a8 <__hidden___udivsi3>
 23c:	4712                	lw	a4,4(sp)
 23e:	4682                	lw	a3,0(sp)
 240:	4625                	li	a2,9
 242:	0485                	addi	s1,s1,1
 244:	842a                	mv	s0,a0
 246:	0705                	addi	a4,a4,1
 248:	fcd66ce3          	bltu	a2,a3,220 <uart_send_number+0x16>
    while (i--) uart_send_char(buf[i]);
 24c:	14fd                	addi	s1,s1,-1
 24e:	00848793          	addi	a5,s1,8
 252:	00278733          	add	a4,a5,sp
 256:	00074503          	lbu	a0,0(a4)
 25a:	3781                	jal	19a <uart_send_char>
 25c:	f8e5                	bnez	s1,24c <uart_send_number+0x42>
}
 25e:	40f2                	lw	ra,28(sp)
 260:	4462                	lw	s0,24(sp)
 262:	44d2                	lw	s1,20(sp)
 264:	6105                	addi	sp,sp,32
 266:	8082                	ret

00000268 <handle_reset>:

#if defined( CH32V003 ) || defined( CH32X03x ) || defined( CH32V00x )

void handle_reset( void )
{
	asm volatile( "\n\
 268:	20000197          	auipc	gp,0x20000
 26c:	19418193          	addi	gp,gp,404 # 200003fc <__global_pointer$>
 270:	20000117          	auipc	sp,0x20000
 274:	59010113          	addi	sp,sp,1424 # 20000800 <_eusrstack>
 278:	6509                	lui	a0,0x2
 27a:	88050513          	addi	a0,a0,-1920 # 1880 <_data_lma+0xef0>
 27e:	30051073          	csrw	mstatus,a0
 282:	468d                	li	a3,3
 284:	00000517          	auipc	a0,0x0
 288:	d7c50513          	addi	a0,a0,-644 # 0 <InterruptVector>
 28c:	8d55                	or	a0,a0,a3
 28e:	30551073          	csrw	mtvec,a0
		:
		: "a0", "a3", "memory" );

	// Careful: Use registers to prevent overwriting of self-data.
	// This clears out BSS.
	asm volatile( "	la a0, _sbss\n\
 292:	c0418513          	addi	a0,gp,-1020 # 20000000 <ticks>
 296:	20000597          	auipc	a1,0x20000
 29a:	d6e58593          	addi	a1,a1,-658 # 20000004 <_ebss>
 29e:	4601                	li	a2,0
 2a0:	00b55663          	bge	a0,a1,2ac <handle_reset+0x44>
 2a4:	c110                	sw	a2,0(a0)
 2a6:	0511                	addi	a0,a0,4
 2a8:	feb54ee3          	blt	a0,a1,2a4 <handle_reset+0x3c>
 2ac:	00000517          	auipc	a0,0x0
 2b0:	6e450513          	addi	a0,a0,1764 # 990 <_data_lma>
 2b4:	c0418593          	addi	a1,gp,-1020 # 20000000 <ticks>
 2b8:	c0418613          	addi	a2,gp,-1020 # 20000000 <ticks>
 2bc:	00c58863          	beq	a1,a2,2cc <handle_reset+0x64>
 2c0:	4114                	lw	a3,0(a0)
 2c2:	c194                	sw	a3,0(a1)
 2c4:	0511                	addi	a0,a0,4
 2c6:	0591                	addi	a1,a1,4
 2c8:	fec59ae3          	bne	a1,a2,2bc <handle_reset+0x54>
		: "a0", "a1", "a2", "a3", "memory"
#endif
	);

#if defined( FUNCONF_SYSTICK_USE_HCLK ) && FUNCONF_SYSTICK_USE_HCLK
	SysTick->CTLR = 5;
 2cc:	e000f7b7          	lui	a5,0xe000f
 2d0:	4715                	li	a4,5
 2d2:	c398                	sw	a4,0(a5)
#else
	SysTick->CTLR = 1;
#endif

	// set mepc to be main as the root app.
	asm volatile( "	csrw mepc, %[main]\n"
 2d4:	38e00793          	li	a5,910
 2d8:	34179073          	csrw	mepc,a5
 2dc:	30200073          	mret

000002e0 <ADC1_2_IRQHandler>:

// Return the Machine Exception Program Register (MEPC)
static inline uint32_t __get_MEPC(void)
{
	uint32_t result;
	__ASM volatile( ADD_ARCH_ZICSR "csrr %0," "mepc" : "=r"(result));
 2e0:	34102573          	csrr	a0,mepc
	PrintHex( __get_MEPC() ); // "addr2line -e debugprintfdemo.elf 0x000007e6" ---> debugprintfdemo.c:45
 2e4:	3d2d                	jal	11e <PrintHex>
	__ASM volatile( ADD_ARCH_ZICSR "csrr %0, mstatus": "=r"(result) );
 2e6:	30002573          	csrr	a0,mstatus
	PrintHex( __get_MSTATUS() );
 2ea:	3d15                	jal	11e <PrintHex>

// Return the Machine Trap Value Register (MTVAL)
static inline uint32_t __get_MTVAL(void)
{
	uint32_t result;
	__ASM volatile( ADD_ARCH_ZICSR "csrr %0," "mtval" : "=r" (result) );
 2ec:	34302573          	csrr	a0,mtval
	PrintHex( __get_MTVAL() );
 2f0:	353d                	jal	11e <PrintHex>
	__ASM volatile( ADD_ARCH_ZICSR "csrr %0," "mcause": "=r"(result));
 2f2:	34202573          	csrr	a0,mcause
	PrintHex( __get_MCAUSE() );
 2f6:	3525                	jal	11e <PrintHex>
	while ( ( *DMDATA0 ) & 0x80 );
 2f8:	e00007b7          	lui	a5,0xe0000
 2fc:	0f478793          	addi	a5,a5,244 # e00000f4 <_eusrstack+0xbffff8f4>
 300:	4398                	lw	a4,0(a5)
 302:	08077713          	andi	a4,a4,128
 306:	ff6d                	bnez	a4,300 <ADC1_2_IRQHandler+0x20>
	*DMDATA0 = 0x0a85;
 308:	6705                	lui	a4,0x1
 30a:	a8570713          	addi	a4,a4,-1403 # a85 <_data_lma+0xf5>
 30e:	c398                	sw	a4,0(a5)
	while ( ( *DMDATA0 ) & 0x80 );
 310:	e00007b7          	lui	a5,0xe0000
 314:	0f478793          	addi	a5,a5,244 # e00000f4 <_eusrstack+0xbffff8f4>
 318:	4398                	lw	a4,0(a5)
 31a:	08077713          	andi	a4,a4,128
 31e:	ff6d                	bnez	a4,318 <ADC1_2_IRQHandler+0x38>
	*DMDATA0 = 0xaaaaaa83;
 320:	aaaab737          	lui	a4,0xaaaab
 324:	a8370713          	addi	a4,a4,-1405 # aaaaaa83 <_eusrstack+0x8aaaa283>
 328:	c398                	sw	a4,0(a5)
	asm volatile( "1: j 1b" );
 32a:	a001                	j	32a <ADC1_2_IRQHandler+0x4a>

0000032c <NMI_Handler>:
	RCC->INTR |= RCC_CSSC; // clear the clock security int flag
 32c:	40021737          	lui	a4,0x40021
 330:	471c                	lw	a5,8(a4)
 332:	008006b7          	lui	a3,0x800
 336:	8fd5                	or	a5,a5,a3
 338:	c71c                	sw	a5,8(a4)

0000033a <SystemInit>:
	// #define BASE_CTLR	(((FUNCONF_HSITRIM) << 3) | HSEBYP | RCC_CSS)	// disable HSI in HSE modes

	// Flash latency settings.
#if defined( CH32V003 )
#if FUNCONF_SYSTEM_CORE_CLOCK > 25000000
	FLASH->ACTLR = FLASH_ACTLR_LATENCY_1; // +1 Cycle Latency
 33a:	400227b7          	lui	a5,0x40022
 33e:	4705                	li	a4,1
 340:	c398                	sw	a4,0(a5)
#elif defined( FUNCONF_USE_HSI ) && FUNCONF_USE_HSI
#if defined( CH32V30x ) || defined( CH32V20x ) || defined( CH32L103 ) || defined( CH32V10x )
	EXTEN->EXTEN_CTR |= EXTEN_PLL_HSI_PRE;
#endif
#if defined( FUNCONF_USE_PLL ) && FUNCONF_USE_PLL
	RCC->CFGR0 = BASE_CFGR0;
 342:	400217b7          	lui	a5,0x40021
	RCC->CTLR = BASE_CTLR | RCC_HSION | RCC_PLLON; // Use HSI, enable PLL.
 346:	01080737          	lui	a4,0x1080
	RCC->CFGR0 = BASE_CFGR0;
 34a:	0007a223          	sw	zero,4(a5) # 40021004 <_eusrstack+0x20020804>
	RCC->CTLR = BASE_CTLR | RCC_HSION | RCC_PLLON; // Use HSI, enable PLL.
 34e:	08170713          	addi	a4,a4,129 # 1080081 <uart.c.756fc733+0x107c8aa>
 352:	c398                	sw	a4,0(a5)
	FLASH->ACTLR = FLASH_ACTLR_LATENCY_0;
#endif
#endif

#ifndef CH5xx
	RCC->INTR = 0x009F0000; // Clear PLL, CSSC, HSE, HSI and LSI ready flags.
 354:	009f0737          	lui	a4,0x9f0
 358:	c798                	sw	a4,8(a5)
#endif

#if defined( FUNCONF_USE_PLL ) && FUNCONF_USE_PLL && !defined( CH5xx )
	while ( ( RCC->CTLR & RCC_PLLRDY ) == 0 )
 35a:	4398                	lw	a4,0(a5)
 35c:	00671693          	slli	a3,a4,0x6
 360:	fe06dde3          	bgez	a3,35a <SystemInit+0x20>
	{
	}; // Wait till PLL is ready
#if defined( CH32H41x )
	RCC->PLLCFGR |= RCC_SYSPLL_GATE;
#endif
	uint32_t tmp32 = RCC->CFGR0 & ~( 0x03 ); // clr the SW
 364:	43d8                	lw	a4,4(a5)
	RCC->CFGR0 = tmp32 | RCC_SW_PLL; // Select PLL as system clock source
	while ( ( RCC->CFGR0 & (uint32_t)RCC_SWS ) != (uint32_t)0x08 ); // Wait till PLL is used as system clock source
 366:	400216b7          	lui	a3,0x40021
	uint32_t tmp32 = RCC->CFGR0 & ~( 0x03 ); // clr the SW
 36a:	9b71                	andi	a4,a4,-4
	RCC->CFGR0 = tmp32 | RCC_SW_PLL; // Select PLL as system clock source
 36c:	00276713          	ori	a4,a4,2
 370:	c3d8                	sw	a4,4(a5)
	while ( ( RCC->CFGR0 & (uint32_t)RCC_SWS ) != (uint32_t)0x08 ); // Wait till PLL is used as system clock source
 372:	4721                	li	a4,8
 374:	42dc                	lw	a5,4(a3)
 376:	8bb1                	andi	a5,a5,12
 378:	fee79ee3          	bne	a5,a4,374 <SystemInit+0x3a>
	*DMDATA1 = 0x00;
 37c:	e00007b7          	lui	a5,0xe0000
 380:	0e07ac23          	sw	zero,248(a5) # e00000f8 <_eusrstack+0xbffff8f8>
	*DMDATA0 = 0x80;
 384:	08000713          	li	a4,128
 388:	0ee7aa23          	sw	a4,244(a5)
	SetupDebugPrintf();
#endif
#if defined( FUNCONF_SUPPORT_CONSTRUCTORS ) && FUNCONF_SUPPORT_CONSTRUCTORS
	CallConstructors();
#endif
}
 38c:	8082                	ret

0000038e <main>:
    if (*s++ != *prefix++)
      return 0;
  return 1;
}

int main(void) {
 38e:	fc810113          	addi	sp,sp,-56
 392:	da06                	sw	ra,52(sp)
 394:	d822                	sw	s0,48(sp)
 396:	d626                	sw	s1,44(sp)
  SystemInit();
 398:	374d                	jal	33a <SystemInit>
#include "gpio.h"
#include "../ch32fun/ch32fun/ch32fun.h"
#include "../ch32fun/ch32fun/ch32v003hw.h"

void gpio_init(uint8_t pin) {
  RCC->APB2PCENR |= RCC_IOPDEN;
 39a:	400216b7          	lui	a3,0x40021
 39e:	4e9c                	lw	a5,24(a3)
  GPIOD->CFGLR &= ~(0xF << (pin * 4));
 3a0:	fff10637          	lui	a2,0xfff10
 3a4:	167d                	addi	a2,a2,-1 # fff0ffff <_eusrstack+0xdff0f7ff>
  RCC->APB2PCENR |= RCC_IOPDEN;
 3a6:	0207e793          	ori	a5,a5,32
 3aa:	ce9c                	sw	a5,24(a3)
  GPIOD->CFGLR &= ~(0xF << (pin * 4));
 3ac:	400117b7          	lui	a5,0x40011
 3b0:	40078793          	addi	a5,a5,1024 # 40011400 <_eusrstack+0x20010c00>
 3b4:	4398                	lw	a4,0(a5)
}

// Enable Interrupt (by interrupt number)
RV_STATIC_INLINE void NVIC_EnableIRQ(IRQn_Type IRQn)
{
	NVIC->IENR[((uint32_t)(IRQn) >> 5)] = (1 << ((uint32_t)(IRQn) & 0x1F));
 3b6:	04000593          	li	a1,64
  gpio_init(LED_PIN);
  timer_init();
  uart_init();

  uart_send_string("\r\nVSDSquadron Mini | UART CLI v1.0\r\n");
 3ba:	6505                	lui	a0,0x1
 3bc:	8f71                	and	a4,a4,a2
 3be:	c398                	sw	a4,0(a5)
  GPIOD->CFGLR |= (0x3 << (pin * 4));
 3c0:	4398                	lw	a4,0(a5)
 3c2:	00030637          	lui	a2,0x30
 3c6:	84450513          	addi	a0,a0,-1980 # 844 <TIM2_IRQHandler+0x130>
 3ca:	8f51                	or	a4,a4,a2
 3cc:	c398                	sw	a4,0(a5)
  gpio_clear(pin);
}

void gpio_set(uint8_t pin) { GPIOD->BSHR = (1 << pin); }
void gpio_clear(uint8_t pin) { GPIOD->BCR = (1 << pin); }
 3ce:	4741                	li	a4,16
 3d0:	cbd8                	sw	a4,20(a5)

void TIM2_IRQHandler(void) __attribute__((interrupt));

void timer_init(void) {

  RCC->APB1PCENR |= RCC_TIM2EN;
 3d2:	4ed8                	lw	a4,28(a3)

  TIM2->PSC = 48 - 1;
 3d4:	02f00613          	li	a2,47
  print_help();
  uart_send_string("> ");

  char buf[CMD_BUF_LEN];
  uint8_t idx = 0;
 3d8:	4401                	li	s0,0
  RCC->APB1PCENR |= RCC_TIM2EN;
 3da:	00176713          	ori	a4,a4,1
 3de:	ced8                	sw	a4,28(a3)
  TIM2->PSC = 48 - 1;
 3e0:	40000737          	lui	a4,0x40000
 3e4:	02c71423          	sh	a2,40(a4) # 40000028 <_eusrstack+0x1ffff828>
  TIM2->ATRLR = 1000 - 1;
 3e8:	3e700613          	li	a2,999
 3ec:	02c71623          	sh	a2,44(a4)

  TIM2->SWEVGR = TIM_UG;
 3f0:	4605                	li	a2,1
 3f2:	00c71a23          	sh	a2,20(a4)

  TIM2->INTFR = 0;
 3f6:	00071823          	sh	zero,16(a4)

  TIM2->DMAINTENR |= TIM_UIE;
 3fa:	00c75603          	lhu	a2,12(a4)
 3fe:	00166613          	ori	a2,a2,1
 402:	00c71623          	sh	a2,12(a4)
 406:	e000e637          	lui	a2,0xe000e
 40a:	10b62223          	sw	a1,260(a2) # e000e104 <_eusrstack+0xc000d904>

  NVIC_EnableIRQ(TIM2_IRQn);

  TIM2->CTLR1 |= TIM_CEN;
 40e:	00075603          	lhu	a2,0(a4)
 412:	00166613          	ori	a2,a2,1
 416:	00c71023          	sh	a2,0(a4)
    RCC->APB2PCENR |= RCC_USART1EN | RCC_IOPDEN;
 41a:	4e98                	lw	a4,24(a3)
 41c:	6611                	lui	a2,0x4
 41e:	02060613          	addi	a2,a2,32 # 4020 <uart.c.756fc733+0x849>
 422:	8f51                	or	a4,a4,a2
 424:	ce98                	sw	a4,24(a3)
    GPIOD->CFGLR &= ~(0xF << (5 * 4));
 426:	4398                	lw	a4,0(a5)
 428:	ff1006b7          	lui	a3,0xff100
 42c:	16fd                	addi	a3,a3,-1 # ff0fffff <_eusrstack+0xdf0ff7ff>
 42e:	8f75                	and	a4,a4,a3
 430:	c398                	sw	a4,0(a5)
    GPIOD->CFGLR |=  (0xB << (5 * 4));
 432:	4398                	lw	a4,0(a5)
 434:	00b006b7          	lui	a3,0xb00
 438:	8f55                	or	a4,a4,a3
 43a:	c398                	sw	a4,0(a5)
    GPIOD->CFGLR &= ~(0xF << (6 * 4));
 43c:	4398                	lw	a4,0(a5)
 43e:	f10006b7          	lui	a3,0xf1000
 442:	16fd                	addi	a3,a3,-1 # f0ffffff <_eusrstack+0xd0fff7ff>
 444:	8f75                	and	a4,a4,a3
 446:	c398                	sw	a4,0(a5)
    GPIOD->CFGLR |=  (0x4 << (6 * 4));
 448:	4398                	lw	a4,0(a5)
 44a:	040006b7          	lui	a3,0x4000
 44e:	8f55                	or	a4,a4,a3
 450:	c398                	sw	a4,0(a5)
    USART1->BRR = 0x1A1;
 452:	400147b7          	lui	a5,0x40014
 456:	80078793          	addi	a5,a5,-2048 # 40013800 <_eusrstack+0x20013000>
 45a:	1a100713          	li	a4,417
 45e:	c798                	sw	a4,8(a5)
    USART1->CTLR1 |= USART_CTLR1_TE | USART_CTLR1_RE | USART_CTLR1_UE;
 460:	47d8                	lw	a4,12(a5)
 462:	6689                	lui	a3,0x2
 464:	06b1                	addi	a3,a3,12 # 200c <ch32fun.c.ff644941+0x62c>
 466:	8f55                	or	a4,a4,a3
 468:	c7d8                	sw	a4,12(a5)
  uart_send_string("\r\nVSDSquadron Mini | UART CLI v1.0\r\n");
 46a:	3391                	jal	1ae <uart_send_string>
  print_help();
 46c:	3bb9                	jal	1ca <print_help>
  uart_send_string("> ");
 46e:	6785                	lui	a5,0x1
 470:	86c78513          	addi	a0,a5,-1940 # 86c <TIM2_IRQHandler+0x158>
 474:	3b2d                	jal	1ae <uart_send_string>
  buf[0] = '\0';

  uint8_t blinking = 0;
  uint32_t blink_ms = 500;
 476:	1f400793          	li	a5,500
  buf[0] = '\0';
 47a:	00010623          	sb	zero,12(sp)
  uint32_t blink_ms = 500;
 47e:	c43e                	sw	a5,8(sp)
  uint8_t blinking = 0;
 480:	c202                	sw	zero,4(sp)
  uint32_t last_toggle = 0;
 482:	c002                	sw	zero,0(sp)
    char c = (char)USART1->DATAR;
    return (c == '\r') ? '\n' : c;
}

uint8_t uart_data_ready(void) {
    return (USART1->STATR & USART_STATR_RXNE) ? 1 : 0;
 484:	400147b7          	lui	a5,0x40014
 488:	80078793          	addi	a5,a5,-2048 # 40013800 <_eusrstack+0x20013000>
 48c:	4398                	lw	a4,0(a5)
 48e:	02077713          	andi	a4,a4,32
        gpio_toggle(LED_PIN);
        last_toggle = now;
      }
    }

    if (!uart_data_ready())
 492:	c33d                	beqz	a4,4f8 <main+0x16a>
    while (!(USART1->STATR & USART_STATR_RXNE));
 494:	4398                	lw	a4,0(a5)
 496:	02077713          	andi	a4,a4,32
 49a:	df6d                	beqz	a4,494 <main+0x106>
    char c = (char)USART1->DATAR;
 49c:	43c8                	lw	a0,4(a5)
    return (c == '\r') ? '\n' : c;
 49e:	47b5                	li	a5,13
    char c = (char)USART1->DATAR;
 4a0:	0ff57513          	zext.b	a0,a0
    return (c == '\r') ? '\n' : c;
 4a4:	02f50763          	beq	a0,a5,4d2 <main+0x144>
      continue;

    char c = uart_read_char();

    if (c == '\b' || c == 0x7F) {
 4a8:	47a1                	li	a5,8
 4aa:	00f50663          	beq	a0,a5,4b6 <main+0x128>
 4ae:	07f00793          	li	a5,127
 4b2:	00f51d63          	bne	a0,a5,4cc <main+0x13e>
      if (idx > 0) {
 4b6:	c021                	beqz	s0,4f6 <main+0x168>
        idx--;
        uart_send_string("\b \b");
 4b8:	6505                	lui	a0,0x1
        idx--;
 4ba:	147d                	addi	s0,s0,-1
        uart_send_string("\b \b");
 4bc:	87050513          	addi	a0,a0,-1936 # 870 <TIM2_IRQHandler+0x15c>
        idx--;
 4c0:	0ff47413          	zext.b	s0,s0
        uart_send_string("\b \b");
 4c4:	31ed                	jal	1ae <uart_send_string>
 4c6:	a80d                	j	4f8 <main+0x16a>
void gpio_set(uint8_t pin) { GPIOD->BSHR = (1 << pin); }
 4c8:	cb90                	sw	a2,16(a5)
 4ca:	a891                	j	51e <main+0x190>
      }
    } else if (c == '\n') {
 4cc:	47a9                	li	a5,10
 4ce:	22f51363          	bne	a0,a5,6f4 <main+0x366>
      uart_send_string("\r\n");
 4d2:	6485                	lui	s1,0x1
 4d4:	87448513          	addi	a0,s1,-1932 # 874 <TIM2_IRQHandler+0x160>
 4d8:	39d9                	jal	1ae <uart_send_string>
      buf[idx] = '\0';
 4da:	02040793          	addi	a5,s0,32
 4de:	0078                	addi	a4,sp,12
 4e0:	00e78433          	add	s0,a5,a4
 4e4:	fe040023          	sb	zero,-32(s0)
      idx = 0;

      if (buf[0] == '\0') {
 4e8:	00c14783          	lbu	a5,12(sp)
 4ec:	eb9d                	bnez	a5,522 <main+0x194>
        uart_send_string("\r\n");
      } else {
        uart_send_string("Unknown command. Type 'help'\r\n");
      }

      uart_send_string("> ");
 4ee:	6785                	lui	a5,0x1
 4f0:	86c78513          	addi	a0,a5,-1940 # 86c <TIM2_IRQHandler+0x158>
 4f4:	396d                	jal	1ae <uart_send_string>
int main(void) {
 4f6:	4401                	li	s0,0
    if (blinking) {
 4f8:	4792                	lw	a5,4(sp)
 4fa:	d7c9                	beqz	a5,484 <main+0xf6>

  while ((ticks - start) < ms)
    ;
}

uint32_t get_tick(void) { return ticks; }
 4fc:	c041a683          	lw	a3,-1020(gp) # 20000000 <ticks>
      if ((now - last_toggle) >= blink_ms) {
 500:	4782                	lw	a5,0(sp)
 502:	4722                	lw	a4,8(sp)
 504:	40f687b3          	sub	a5,a3,a5
 508:	f6e7eee3          	bltu	a5,a4,484 <main+0xf6>

void gpio_toggle(uint8_t pin) {
  if (GPIOD->OUTDR & (1 << pin))
 50c:	400117b7          	lui	a5,0x40011
 510:	40078793          	addi	a5,a5,1024 # 40011400 <_eusrstack+0x20010c00>
 514:	47d8                	lw	a4,12(a5)
 516:	4641                	li	a2,16
 518:	8b41                	andi	a4,a4,16
 51a:	d75d                	beqz	a4,4c8 <main+0x13a>
void gpio_clear(uint8_t pin) { GPIOD->BCR = (1 << pin); }
 51c:	cbd0                	sw	a2,20(a5)
        last_toggle = now;
 51e:	c036                	sw	a3,0(sp)
 520:	b795                	j	484 <main+0xf6>
      if (str_eq(buf, "help")) {
 522:	0060                	addi	s0,sp,12
 524:	6585                	lui	a1,0x1
 526:	87858593          	addi	a1,a1,-1928 # 878 <TIM2_IRQHandler+0x164>
 52a:	8522                	mv	a0,s0
 52c:	31b1                	jal	178 <str_eq>
 52e:	c119                	beqz	a0,534 <main+0x1a6>
        print_help();
 530:	3969                	jal	1ca <print_help>
 532:	bf75                	j	4ee <main+0x160>
      } else if (str_eq(buf, "led on")) {
 534:	6585                	lui	a1,0x1
 536:	88058593          	addi	a1,a1,-1920 # 880 <TIM2_IRQHandler+0x16c>
 53a:	8522                	mv	a0,s0
 53c:	3935                	jal	178 <str_eq>
 53e:	cd09                	beqz	a0,558 <main+0x1ca>
void gpio_set(uint8_t pin) { GPIOD->BSHR = (1 << pin); }
 540:	400117b7          	lui	a5,0x40011
 544:	40078793          	addi	a5,a5,1024 # 40011400 <_eusrstack+0x20010c00>
 548:	4741                	li	a4,16
        uart_send_string("LED turned on\r\n");
 54a:	6505                	lui	a0,0x1
 54c:	cb98                	sw	a4,16(a5)
 54e:	88850513          	addi	a0,a0,-1912 # 888 <TIM2_IRQHandler+0x174>
        uart_send_string("LED turned off\r\n");
 552:	39b1                	jal	1ae <uart_send_string>
        blinking = 0;
 554:	c202                	sw	zero,4(sp)
 556:	bf61                	j	4ee <main+0x160>
      } else if (str_eq(buf, "led off")) {
 558:	6585                	lui	a1,0x1
 55a:	89858593          	addi	a1,a1,-1896 # 898 <TIM2_IRQHandler+0x184>
 55e:	8522                	mv	a0,s0
 560:	3921                	jal	178 <str_eq>
 562:	c919                	beqz	a0,578 <main+0x1ea>
void gpio_clear(uint8_t pin) { GPIOD->BCR = (1 << pin); }
 564:	400117b7          	lui	a5,0x40011
 568:	40078793          	addi	a5,a5,1024 # 40011400 <_eusrstack+0x20010c00>
 56c:	4741                	li	a4,16
        uart_send_string("LED turned off\r\n");
 56e:	6505                	lui	a0,0x1
 570:	cbd8                	sw	a4,20(a5)
 572:	8a050513          	addi	a0,a0,-1888 # 8a0 <TIM2_IRQHandler+0x18c>
 576:	bff1                	j	552 <main+0x1c4>
  while (*prefix)
 578:	6705                	lui	a4,0x1
 57a:	4781                	li	a5,0
 57c:	8b470713          	addi	a4,a4,-1868 # 8b4 <TIM2_IRQHandler+0x1a0>
 580:	4599                	li	a1,6
    if (*s++ != *prefix++)
 582:	00f40633          	add	a2,s0,a5
  while (*prefix)
 586:	00e786b3          	add	a3,a5,a4
    if (*s++ != *prefix++)
 58a:	00064603          	lbu	a2,0(a2)
 58e:	0006c683          	lbu	a3,0(a3)
 592:	0cd61663          	bne	a2,a3,65e <main+0x2d0>
 596:	0785                	addi	a5,a5,1
  while (*prefix)
 598:	feb795e3          	bne	a5,a1,582 <main+0x1f4>
 59c:	4401                	li	s0,0
 59e:	01210713          	addi	a4,sp,18
  while (*s >= '0' && *s <= '9')
 5a2:	4625                	li	a2,9
 5a4:	00074683          	lbu	a3,0(a4)
 5a8:	fd068793          	addi	a5,a3,-48
 5ac:	0ff7f793          	zext.b	a5,a5
 5b0:	00f67863          	bgeu	a2,a5,5c0 <main+0x232>
        if (ms == 0) {
 5b4:	e005                	bnez	s0,5d4 <main+0x246>
          uart_send_string("Error: invalid interval\r\n");
 5b6:	6505                	lui	a0,0x1
 5b8:	8bc50513          	addi	a0,a0,-1860 # 8bc <TIM2_IRQHandler+0x1a8>
        uart_send_string("Unknown command. Type 'help'\r\n");
 5bc:	3ecd                	jal	1ae <uart_send_string>
 5be:	bf05                	j	4ee <main+0x160>
    n = n * 10 + (*s++ - '0');
 5c0:	00241513          	slli	a0,s0,0x2
 5c4:	9522                	add	a0,a0,s0
 5c6:	0506                	slli	a0,a0,0x1
 5c8:	fd050513          	addi	a0,a0,-48
 5cc:	0705                	addi	a4,a4,1
 5ce:	00a68433          	add	s0,a3,a0
 5d2:	bfc9                	j	5a4 <main+0x216>
 5d4:	c041a783          	lw	a5,-1020(gp) # 20000000 <ticks>
          uart_send_string("Blinking every ");
 5d8:	6505                	lui	a0,0x1
 5da:	8d850513          	addi	a0,a0,-1832 # 8d8 <TIM2_IRQHandler+0x1c4>
 5de:	c03e                	sw	a5,0(sp)
 5e0:	36f9                	jal	1ae <uart_send_string>
          uart_send_number(ms);
 5e2:	8522                	mv	a0,s0
 5e4:	311d                	jal	20a <uart_send_number>
          uart_send_string("ms\r\n");
 5e6:	6505                	lui	a0,0x1
 5e8:	8e850513          	addi	a0,a0,-1816 # 8e8 <TIM2_IRQHandler+0x1d4>
 5ec:	36c9                	jal	1ae <uart_send_string>
          blinking = 1;
 5ee:	4785                	li	a5,1
          blink_ms = ms;
 5f0:	c422                	sw	s0,8(sp)
          blinking = 1;
 5f2:	c23e                	sw	a5,4(sp)
 5f4:	bded                	j	4ee <main+0x160>
  while (*prefix)
 5f6:	00e78633          	add	a2,a5,a4
    if (*s++ != *prefix++)
 5fa:	00f405b3          	add	a1,s0,a5
  while (*prefix)
 5fe:	00064603          	lbu	a2,0(a2)
    if (*s++ != *prefix++)
 602:	0005c583          	lbu	a1,0(a1)
 606:	0785                	addi	a5,a5,1
 608:	06c58063          	beq	a1,a2,668 <main+0x2da>
      } else if (str_eq(buf, "stop")) {
 60c:	6585                	lui	a1,0x1
 60e:	98858593          	addi	a1,a1,-1656 # 988 <TIM2_IRQHandler+0x274>
 612:	8522                	mv	a0,s0
 614:	3695                	jal	178 <str_eq>
 616:	0c051163          	bnez	a0,6d8 <main+0x34a>
      else if (str_eq(buf, "test")) {
 61a:	6585                	lui	a1,0x1
 61c:	92858593          	addi	a1,a1,-1752 # 928 <TIM2_IRQHandler+0x214>
 620:	8522                	mv	a0,s0
 622:	3e99                	jal	178 <str_eq>
 624:	0c050463          	beqz	a0,6ec <main+0x35e>
void gpio_set(uint8_t pin) { GPIOD->BSHR = (1 << pin); }
 628:	40011437          	lui	s0,0x40011
 62c:	47c1                	li	a5,16
 62e:	40040413          	addi	s0,s0,1024 # 40011400 <_eusrstack+0x20010c00>
        uart_send_string("After set:   OUTDR bit = ");
 632:	6505                	lui	a0,0x1
 634:	c81c                	sw	a5,16(s0)
 636:	93050513          	addi	a0,a0,-1744 # 930 <TIM2_IRQHandler+0x21c>
 63a:	3e95                	jal	1ae <uart_send_string>
        uart_send_number((GPIOD->OUTDR >> LED_PIN) & 1);
 63c:	4448                	lw	a0,12(s0)
 63e:	8111                	srli	a0,a0,0x4
 640:	8905                	andi	a0,a0,1
 642:	36e1                	jal	20a <uart_send_number>
        uart_send_string("\r\n");
 644:	87448513          	addi	a0,s1,-1932
 648:	369d                	jal	1ae <uart_send_string>
void gpio_clear(uint8_t pin) { GPIOD->BCR = (1 << pin); }
 64a:	47c1                	li	a5,16
        uart_send_string("After clear: OUTDR bit = ");
 64c:	6505                	lui	a0,0x1
 64e:	94c50513          	addi	a0,a0,-1716 # 94c <TIM2_IRQHandler+0x238>
 652:	c85c                	sw	a5,20(s0)
 654:	3ea9                	jal	1ae <uart_send_string>
        uart_send_number((GPIOD->OUTDR >> LED_PIN) & 1);
 656:	4448                	lw	a0,12(s0)
 658:	8111                	srli	a0,a0,0x4
 65a:	8905                	andi	a0,a0,1
 65c:	a895                	j	6d0 <main+0x342>
  while (*prefix)
 65e:	6705                	lui	a4,0x1
 660:	4781                	li	a5,0
 662:	4695                	li	a3,5
 664:	8f070713          	addi	a4,a4,-1808 # 8f0 <TIM2_IRQHandler+0x1dc>
 668:	f8d797e3          	bne	a5,a3,5f6 <main+0x268>
 66c:	4401                	li	s0,0
 66e:	01110713          	addi	a4,sp,17
  while (*s >= '0' && *s <= '9')
 672:	4625                	li	a2,9
 674:	00074683          	lbu	a3,0(a4)
 678:	fd068793          	addi	a5,a3,-48
 67c:	0ff7f793          	zext.b	a5,a5
 680:	00f67963          	bgeu	a2,a5,692 <main+0x304>
        if (pin > 7) {
 684:	479d                	li	a5,7
 686:	0287f063          	bgeu	a5,s0,6a6 <main+0x318>
          uart_send_string("Error: pin must be 0-7\r\n");
 68a:	6505                	lui	a0,0x1
 68c:	8f850513          	addi	a0,a0,-1800 # 8f8 <TIM2_IRQHandler+0x1e4>
 690:	b735                	j	5bc <main+0x22e>
    n = n * 10 + (*s++ - '0');
 692:	00241513          	slli	a0,s0,0x2
 696:	9522                	add	a0,a0,s0
 698:	0506                	slli	a0,a0,0x1
 69a:	fd050513          	addi	a0,a0,-48
 69e:	0705                	addi	a4,a4,1
 6a0:	00a68433          	add	s0,a3,a0
 6a4:	bfc1                	j	674 <main+0x2e6>
          uart_send_string("PD");
 6a6:	6505                	lui	a0,0x1
 6a8:	91450513          	addi	a0,a0,-1772 # 914 <TIM2_IRQHandler+0x200>
 6ac:	3609                	jal	1ae <uart_send_string>
          uart_send_number(pin);
 6ae:	8522                	mv	a0,s0
 6b0:	3ea9                	jal	20a <uart_send_number>
          uart_send_string(" = ");
 6b2:	6505                	lui	a0,0x1
 6b4:	91850513          	addi	a0,a0,-1768 # 918 <TIM2_IRQHandler+0x204>
 6b8:	3cdd                	jal	1ae <uart_send_string>
    gpio_clear(pin);
  else
    gpio_set(pin);
}

uint8_t gpio_read(uint8_t pin) { return (GPIOD->INDR & (1 << pin)) ? 1 : 0; }
 6ba:	400117b7          	lui	a5,0x40011
 6be:	40078793          	addi	a5,a5,1024 # 40011400 <_eusrstack+0x20010c00>
 6c2:	479c                	lw	a5,8(a5)
 6c4:	4505                	li	a0,1
 6c6:	00851533          	sll	a0,a0,s0
 6ca:	8d7d                	and	a0,a0,a5
          uart_send_number(gpio_read((uint8_t)pin));
 6cc:	00a03533          	snez	a0,a0
        uart_send_number((GPIOD->OUTDR >> LED_PIN) & 1);
 6d0:	3e2d                	jal	20a <uart_send_number>
        uart_send_string("\r\n");
 6d2:	87448513          	addi	a0,s1,-1932
 6d6:	b5dd                	j	5bc <main+0x22e>
void gpio_clear(uint8_t pin) { GPIOD->BCR = (1 << pin); }
 6d8:	400117b7          	lui	a5,0x40011
 6dc:	40078793          	addi	a5,a5,1024 # 40011400 <_eusrstack+0x20010c00>
 6e0:	4741                	li	a4,16
        uart_send_string("Stopped\r\n");
 6e2:	6505                	lui	a0,0x1
 6e4:	cbd8                	sw	a4,20(a5)
 6e6:	91c50513          	addi	a0,a0,-1764 # 91c <TIM2_IRQHandler+0x208>
 6ea:	b5a5                	j	552 <main+0x1c4>
        uart_send_string("Unknown command. Type 'help'\r\n");
 6ec:	6505                	lui	a0,0x1
 6ee:	96850513          	addi	a0,a0,-1688 # 968 <TIM2_IRQHandler+0x254>
 6f2:	b5e9                	j	5bc <main+0x22e>
    } else if (idx < CMD_BUF_LEN - 1) {
 6f4:	47f9                	li	a5,30
 6f6:	e087e1e3          	bltu	a5,s0,4f8 <main+0x16a>
      buf[idx++] = c;
 6fa:	02040793          	addi	a5,s0,32
 6fe:	0078                	addi	a4,sp,12
 700:	00140493          	addi	s1,s0,1
 704:	00e78433          	add	s0,a5,a4
 708:	fea40023          	sb	a0,-32(s0)
      uart_send_char(c);
 70c:	3479                	jal	19a <uart_send_char>
      buf[idx++] = c;
 70e:	0ff4f413          	zext.b	s0,s1
 712:	b3dd                	j	4f8 <main+0x16a>

00000714 <TIM2_IRQHandler>:

void TIM2_IRQHandler(void) {
 714:	1151                	addi	sp,sp,-12
 716:	c23a                	sw	a4,4(sp)

  if (TIM2->INTFR & TIM_FLAG_Update) {
 718:	40000737          	lui	a4,0x40000
void TIM2_IRQHandler(void) {
 71c:	c03e                	sw	a5,0(sp)
  if (TIM2->INTFR & TIM_FLAG_Update) {
 71e:	01075783          	lhu	a5,16(a4) # 40000010 <_eusrstack+0x1ffff810>
void TIM2_IRQHandler(void) {
 722:	c436                	sw	a3,8(sp)
  if (TIM2->INTFR & TIM_FLAG_Update) {
 724:	8b85                	andi	a5,a5,1
 726:	cb89                	beqz	a5,738 <TIM2_IRQHandler+0x24>

    ticks++;
 728:	c041a783          	lw	a5,-1020(gp) # 20000000 <ticks>
 72c:	0785                	addi	a5,a5,1
 72e:	c0f1a223          	sw	a5,-1020(gp) # 20000000 <ticks>

    TIM2->INTFR = ~TIM_FLAG_Update;
 732:	57f9                	li	a5,-2
 734:	00f71823          	sh	a5,16(a4)
  }
}
 738:	46a2                	lw	a3,8(sp)
 73a:	4712                	lw	a4,4(sp)
 73c:	4782                	lw	a5,0(sp)
 73e:	0131                	addi	sp,sp,12
 740:	30200073          	mret
 744:	0a0d                	addi	s4,s4,3
 746:	6d6d6f43          	.insn	4, 0x6d6d6f43
 74a:	6e61                	lui	t3,0x18
 74c:	7364                	.insn	2, 0x7364
 74e:	0d3a                	slli	s10,s10,0xe
 750:	000a                	c.slli	zero,0x2
 752:	0000                	unimp
 754:	2020                	.insn	2, 0x2020
 756:	6568                	.insn	2, 0x6568
 758:	706c                	.insn	2, 0x706c
 75a:	2020                	.insn	2, 0x2020
 75c:	2020                	.insn	2, 0x2020
 75e:	2020                	.insn	2, 0x2020
 760:	2020                	.insn	2, 0x2020
 762:	2020                	.insn	2, 0x2020
 764:	202d                	jal	78e <TIM2_IRQHandler+0x7a>
 766:	776f6873          	.insn	4, 0x776f6873
 76a:	7420                	.insn	2, 0x7420
 76c:	6968                	.insn	2, 0x6968
 76e:	656d2073          	.insn	4, 0x656d2073
 772:	756e                	.insn	2, 0x756e
 774:	0a0d                	addi	s4,s4,3
 776:	0000                	unimp
 778:	2020                	.insn	2, 0x2020
 77a:	656c                	.insn	2, 0x656c
 77c:	2064                	.insn	2, 0x2064
 77e:	20206e6f          	jal	t3,6980 <uart.c.756fc733+0x31a9>
 782:	2020                	.insn	2, 0x2020
 784:	2020                	.insn	2, 0x2020
 786:	2020                	.insn	2, 0x2020
 788:	202d                	jal	7b2 <TIM2_IRQHandler+0x9e>
 78a:	7574                	.insn	2, 0x7574
 78c:	6e72                	.insn	2, 0x6e72
 78e:	4c20                	lw	s0,88(s0)
 790:	4445                	li	s0,17
 792:	6f20                	.insn	2, 0x6f20
 794:	0d6e                	slli	s10,s10,0x1b
 796:	000a                	c.slli	zero,0x2
 798:	2020                	.insn	2, 0x2020
 79a:	656c                	.insn	2, 0x656c
 79c:	2064                	.insn	2, 0x2064
 79e:	2066666f          	jal	a2,669a4 <uart.c.756fc733+0x631cd>
 7a2:	2020                	.insn	2, 0x2020
 7a4:	2020                	.insn	2, 0x2020
 7a6:	2020                	.insn	2, 0x2020
 7a8:	202d                	jal	7d2 <TIM2_IRQHandler+0xbe>
 7aa:	7574                	.insn	2, 0x7574
 7ac:	6e72                	.insn	2, 0x6e72
 7ae:	4c20                	lw	s0,88(s0)
 7b0:	4445                	li	s0,17
 7b2:	6f20                	.insn	2, 0x6f20
 7b4:	6666                	.insn	2, 0x6666
 7b6:	0a0d                	addi	s4,s4,3
 7b8:	0000                	unimp
 7ba:	0000                	unimp
 7bc:	2020                	.insn	2, 0x2020
 7be:	6c62                	.insn	2, 0x6c62
 7c0:	6e69                	lui	t3,0x1a
 7c2:	6d3c206b          	.insn	4, 0x6d3c206b
 7c6:	20203e73          	.insn	4, 0x20203e73
 7ca:	2020                	.insn	2, 0x2020
 7cc:	202d                	jal	7f6 <TIM2_IRQHandler+0xe2>
 7ce:	6c62                	.insn	2, 0x6c62
 7d0:	6e69                	lui	t3,0x1a
 7d2:	454c206b          	.insn	4, 0x454c206b
 7d6:	2044                	.insn	2, 0x2044
 7d8:	7665                	lui	a2,0xffff9
 7da:	7265                	lui	tp,0xffff9
 7dc:	2079                	jal	86a <TIM2_IRQHandler+0x156>
 7de:	6d3c                	.insn	2, 0x6d3c
 7e0:	6d203e73          	.insn	4, 0x6d203e73
 7e4:	6c69                	lui	s8,0x1a
 7e6:	696c                	.insn	2, 0x696c
 7e8:	6f636573          	.insn	4, 0x6f636573
 7ec:	646e                	.insn	2, 0x646e
 7ee:	000a0d73          	.insn	4, 0x000a0d73
 7f2:	0000                	unimp
 7f4:	2020                	.insn	2, 0x2020
 7f6:	6572                	.insn	2, 0x6572
 7f8:	6461                	lui	s0,0x18
 7fa:	3c20                	.insn	2, 0x3c20
 7fc:	6970                	.insn	2, 0x6970
 7fe:	3e6e                	.insn	2, 0x3e6e
 800:	2020                	.insn	2, 0x2020
 802:	2020                	.insn	2, 0x2020
 804:	202d                	jal	82e <TIM2_IRQHandler+0x11a>
 806:	6572                	.insn	2, 0x6572
 808:	6461                	lui	s0,0x18
 80a:	4720                	lw	s0,72(a4)
 80c:	4950                	lw	a2,20(a0)
 80e:	7020444f          	.insn	4, 0x7020444f
 812:	6e69                	lui	t3,0x1a
 814:	7320                	.insn	2, 0x7320
 816:	6174                	.insn	2, 0x6174
 818:	6574                	.insn	2, 0x6574
 81a:	0a0d                	addi	s4,s4,3
 81c:	0000                	unimp
 81e:	0000                	unimp
 820:	2020                	.insn	2, 0x2020
 822:	706f7473          	.insn	4, 0x706f7473
 826:	2020                	.insn	2, 0x2020
 828:	2020                	.insn	2, 0x2020
 82a:	2020                	.insn	2, 0x2020
 82c:	2020                	.insn	2, 0x2020
 82e:	2020                	.insn	2, 0x2020
 830:	202d                	jal	85a <TIM2_IRQHandler+0x146>
 832:	706f7473          	.insn	4, 0x706f7473
 836:	6220                	.insn	2, 0x6220
 838:	696c                	.insn	2, 0x696c
 83a:	6b6e                	.insn	2, 0x6b6e
 83c:	6e69                	lui	t3,0x1a
 83e:	0d0a0d67          	jalr	s10,208(s4)
 842:	000a                	c.slli	zero,0x2
 844:	0a0d                	addi	s4,s4,3
 846:	5356                	lw	t1,116(sp)
 848:	5344                	lw	s1,36(a4)
 84a:	7571                	lui	a0,0xffffc
 84c:	6461                	lui	s0,0x18
 84e:	6f72                	.insn	2, 0x6f72
 850:	206e                	.insn	2, 0x206e
 852:	694d                	lui	s2,0x13
 854:	696e                	.insn	2, 0x696e
 856:	7c20                	.insn	2, 0x7c20
 858:	5520                	lw	s0,104(a0)
 85a:	5241                	li	tp,-16
 85c:	2054                	.insn	2, 0x2054
 85e:	20494c43          	.insn	4, 0x20494c43
 862:	3176                	.insn	2, 0x3176
 864:	302e                	.insn	2, 0x302e
 866:	0a0d                	addi	s4,s4,3
 868:	0000                	unimp
 86a:	0000                	unimp
 86c:	203e                	.insn	2, 0x203e
 86e:	0000                	unimp
 870:	2008                	.insn	2, 0x2008
 872:	0008                	.insn	2, 0x0008
 874:	0a0d                	addi	s4,s4,3
 876:	0000                	unimp
 878:	6568                	.insn	2, 0x6568
 87a:	706c                	.insn	2, 0x706c
 87c:	0000                	unimp
 87e:	0000                	unimp
 880:	656c                	.insn	2, 0x656c
 882:	2064                	.insn	2, 0x2064
 884:	00006e6f          	jal	t3,6884 <uart.c.756fc733+0x30ad>
 888:	454c                	lw	a1,12(a0)
 88a:	2044                	.insn	2, 0x2044
 88c:	7574                	.insn	2, 0x7574
 88e:	6e72                	.insn	2, 0x6e72
 890:	6465                	lui	s0,0x19
 892:	6f20                	.insn	2, 0x6f20
 894:	0d6e                	slli	s10,s10,0x1b
 896:	000a                	c.slli	zero,0x2
 898:	656c                	.insn	2, 0x656c
 89a:	2064                	.insn	2, 0x2064
 89c:	0066666f          	jal	a2,668a2 <uart.c.756fc733+0x630cb>
 8a0:	454c                	lw	a1,12(a0)
 8a2:	2044                	.insn	2, 0x2044
 8a4:	7574                	.insn	2, 0x7574
 8a6:	6e72                	.insn	2, 0x6e72
 8a8:	6465                	lui	s0,0x19
 8aa:	6f20                	.insn	2, 0x6f20
 8ac:	6666                	.insn	2, 0x6666
 8ae:	0a0d                	addi	s4,s4,3
 8b0:	0000                	unimp
 8b2:	0000                	unimp
 8b4:	6c62                	.insn	2, 0x6c62
 8b6:	6e69                	lui	t3,0x1a
 8b8:	0000206b          	.insn	4, 0x206b
 8bc:	7245                	lui	tp,0xffff1
 8be:	6f72                	.insn	2, 0x6f72
 8c0:	3a72                	.insn	2, 0x3a72
 8c2:	6920                	.insn	2, 0x6920
 8c4:	766e                	.insn	2, 0x766e
 8c6:	6c61                	lui	s8,0x18
 8c8:	6469                	lui	s0,0x1a
 8ca:	6920                	.insn	2, 0x6920
 8cc:	746e                	.insn	2, 0x746e
 8ce:	7265                	lui	tp,0xffff9
 8d0:	6176                	.insn	2, 0x6176
 8d2:	0d6c                	addi	a1,sp,668
 8d4:	000a                	c.slli	zero,0x2
 8d6:	0000                	unimp
 8d8:	6c42                	.insn	2, 0x6c42
 8da:	6e69                	lui	t3,0x1a
 8dc:	676e696b          	.insn	4, 0x676e696b
 8e0:	6520                	.insn	2, 0x6520
 8e2:	6576                	.insn	2, 0x6576
 8e4:	7972                	.insn	2, 0x7972
 8e6:	0020                	addi	s0,sp,8
 8e8:	736d                	lui	t1,0xffffb
 8ea:	0a0d                	addi	s4,s4,3
 8ec:	0000                	unimp
 8ee:	0000                	unimp
 8f0:	6572                	.insn	2, 0x6572
 8f2:	6461                	lui	s0,0x18
 8f4:	0020                	addi	s0,sp,8
 8f6:	0000                	unimp
 8f8:	7245                	lui	tp,0xffff1
 8fa:	6f72                	.insn	2, 0x6f72
 8fc:	3a72                	.insn	2, 0x3a72
 8fe:	7020                	.insn	2, 0x7020
 900:	6e69                	lui	t3,0x1a
 902:	6d20                	.insn	2, 0x6d20
 904:	7375                	lui	t1,0xffffd
 906:	2074                	.insn	2, 0x2074
 908:	6562                	.insn	2, 0x6562
 90a:	3020                	.insn	2, 0x3020
 90c:	372d                	jal	836 <TIM2_IRQHandler+0x122>
 90e:	0a0d                	addi	s4,s4,3
 910:	0000                	unimp
 912:	0000                	unimp
 914:	4450                	lw	a2,12(s0)
 916:	0000                	unimp
 918:	3d20                	.insn	2, 0x3d20
 91a:	0020                	addi	s0,sp,8
 91c:	706f7453          	.insn	4, 0x706f7453
 920:	6570                	.insn	2, 0x6570
 922:	0d64                	addi	s1,sp,668
 924:	000a                	c.slli	zero,0x2
 926:	0000                	unimp
 928:	6574                	.insn	2, 0x6574
 92a:	00007473          	.insn	4, 0x7473
 92e:	0000                	unimp
 930:	6641                	lui	a2,0x10
 932:	6574                	.insn	2, 0x6574
 934:	2072                	.insn	2, 0x2072
 936:	3a746573          	.insn	4, 0x3a746573
 93a:	2020                	.insn	2, 0x2020
 93c:	4f20                	lw	s0,88(a4)
 93e:	5455                	li	s0,-11
 940:	5244                	lw	s1,36(a2)
 942:	6220                	.insn	2, 0x6220
 944:	7469                	lui	s0,0xffffa
 946:	3d20                	.insn	2, 0x3d20
 948:	0020                	addi	s0,sp,8
 94a:	0000                	unimp
 94c:	6641                	lui	a2,0x10
 94e:	6574                	.insn	2, 0x6574
 950:	2072                	.insn	2, 0x2072
 952:	61656c63          	bltu	a0,s6,f6a <_data_lma+0x5da>
 956:	3a72                	.insn	2, 0x3a72
 958:	4f20                	lw	s0,88(a4)
 95a:	5455                	li	s0,-11
 95c:	5244                	lw	s1,36(a2)
 95e:	6220                	.insn	2, 0x6220
 960:	7469                	lui	s0,0xffffa
 962:	3d20                	.insn	2, 0x3d20
 964:	0020                	addi	s0,sp,8
 966:	0000                	unimp
 968:	6e55                	lui	t3,0x15
 96a:	776f6e6b          	.insn	4, 0x776f6e6b
 96e:	206e                	.insn	2, 0x206e
 970:	6d6d6f63          	bltu	s10,s6,104e <_data_lma+0x6be>
 974:	6e61                	lui	t3,0x18
 976:	2e64                	.insn	2, 0x2e64
 978:	5420                	lw	s0,104(s0)
 97a:	7079                	c.lui	zero,0xffffe
 97c:	2065                	jal	a24 <_data_lma+0x94>
 97e:	6c656827          	.insn	4, 0x6c656827
 982:	2770                	.insn	2, 0x2770
 984:	0a0d                	addi	s4,s4,3
 986:	0000                	unimp
 988:	706f7473          	.insn	4, 0x706f7473
 98c:	0000                	unimp
	...
