Archive member included to satisfy reference by file (symbol)

ch32fun/ch32fun//../misc/libgcc.a(div.o)
                              /tmp/cctwuAKK.ltrans0.ltrans.o (__udivsi3)

Merging object attributes


Discarded input sections

 .text          0x00000000        0x0 /tmp/cctwuAKK.ltrans0.ltrans.o
 .data          0x00000000        0x0 /tmp/cctwuAKK.ltrans0.ltrans.o
 .bss           0x00000000        0x0 /tmp/cctwuAKK.ltrans0.ltrans.o
 .text.mini_pad
                0x00000000       0x80 /tmp/cctwuAKK.ltrans0.ltrans.o
 .text._puts    0x00000000       0x40 /tmp/cctwuAKK.ltrans0.ltrans.o
 .text.internal_handle_input.constprop.0
                0x00000000        0xa /tmp/cctwuAKK.ltrans0.ltrans.o
 .text._write.constprop.0
                0x00000000       0xf0 /tmp/cctwuAKK.ltrans0.ltrans.o
 .text.__puts_uart
                0x00000000       0x1a /tmp/cctwuAKK.ltrans0.ltrans.o
 .text.mini_itoa.part.0
                0x00000000       0xd2 /tmp/cctwuAKK.ltrans0.ltrans.o
 .text.strlen   0x00000000       0x12 /tmp/cctwuAKK.ltrans0.ltrans.o
 .text.mini_vpprintf
                0x00000000      0x1b6 /tmp/cctwuAKK.ltrans0.ltrans.o
 .text.printf   0x00000000       0x2c /tmp/cctwuAKK.ltrans0.ltrans.o
 .text.vprintf  0x00000000       0x16 /tmp/cctwuAKK.ltrans0.ltrans.o
 .text.mini_vsnprintf
                0x00000000       0x3a /tmp/cctwuAKK.ltrans0.ltrans.o
 .text.snprintf
                0x00000000       0x1c /tmp/cctwuAKK.ltrans0.ltrans.o
 .text.sprintf  0x00000000       0x26 /tmp/cctwuAKK.ltrans0.ltrans.o
 .text.memset   0x00000000       0x12 /tmp/cctwuAKK.ltrans0.ltrans.o
 .text.strcpy   0x00000000       0x14 /tmp/cctwuAKK.ltrans0.ltrans.o
 .text.strncpy  0x00000000       0x1c /tmp/cctwuAKK.ltrans0.ltrans.o
 .text.strcmp   0x00000000       0x1a /tmp/cctwuAKK.ltrans0.ltrans.o
 .text.strncmp  0x00000000       0x3c /tmp/cctwuAKK.ltrans0.ltrans.o
 .text.strchr   0x00000000       0x16 /tmp/cctwuAKK.ltrans0.ltrans.o
 .text.strrchr  0x00000000       0x3a /tmp/cctwuAKK.ltrans0.ltrans.o
 .text.memcpy   0x00000000       0x1c /tmp/cctwuAKK.ltrans0.ltrans.o
 .text.memcmp   0x00000000       0x20 /tmp/cctwuAKK.ltrans0.ltrans.o
 .text.memmove  0x00000000       0x5e /tmp/cctwuAKK.ltrans0.ltrans.o
 .text.memchr   0x00000000       0x1a /tmp/cctwuAKK.ltrans0.ltrans.o
 .text.strnlen  0x00000000       0x28 /tmp/cctwuAKK.ltrans0.ltrans.o
 .text.twoway_strstr
                0x00000000      0x22e /tmp/cctwuAKK.ltrans0.ltrans.o
 .text.strstr   0x00000000      0x11c /tmp/cctwuAKK.ltrans0.ltrans.o
 .rodata.puts.str1.4
                0x00000000        0x2 /tmp/cctwuAKK.ltrans0.ltrans.o
 .text.puts     0x00000000       0x40 /tmp/cctwuAKK.ltrans0.ltrans.o
 .text.setjmp   0x00000000       0x10 /tmp/cctwuAKK.ltrans0.ltrans.o
 .text.longjmp  0x00000000       0x14 /tmp/cctwuAKK.ltrans0.ltrans.o
 .text.putchar  0x00000000       0x76 /tmp/cctwuAKK.ltrans0.ltrans.o
 .rodata.APBAHBPrescTable.lto_priv.0
                0x00000000       0x10 /tmp/cctwuAKK.ltrans0.ltrans.o
 .rodata.ADCPrescTable.lto_priv.0
                0x00000000       0x14 /tmp/cctwuAKK.ltrans0.ltrans.o
 .rodata.APBAHBPrescTable.lto_priv.1
                0x00000000       0x10 /tmp/cctwuAKK.ltrans0.ltrans.o
 .rodata.ADCPrescTable.lto_priv.1
                0x00000000       0x14 /tmp/cctwuAKK.ltrans0.ltrans.o
 .rodata.APBAHBPrescTable.lto_priv.2
                0x00000000       0x10 /tmp/cctwuAKK.ltrans0.ltrans.o
 .rodata.ADCPrescTable.lto_priv.2
                0x00000000       0x14 /tmp/cctwuAKK.ltrans0.ltrans.o
 .rodata.APBAHBPrescTable.lto_priv.3
                0x00000000       0x10 /tmp/cctwuAKK.ltrans0.ltrans.o
 .rodata.ADCPrescTable.lto_priv.3
                0x00000000       0x14 /tmp/cctwuAKK.ltrans0.ltrans.o
 .rodata.APBAHBPrescTable.lto_priv.4
                0x00000000       0x10 /tmp/cctwuAKK.ltrans0.ltrans.o
 .rodata.ADCPrescTable.lto_priv.4
                0x00000000       0x14 /tmp/cctwuAKK.ltrans0.ltrans.o
 .comment       0x00000000       0x35 /tmp/cctwuAKK.ltrans0.ltrans.o
 .note.GNU-stack
                0x00000000        0x0 /tmp/cctwuAKK.ltrans0.ltrans.o
 .eh_frame      0x00000000      0x4a8 /tmp/cctwuAKK.ltrans0.ltrans.o
 .comment       0x00000000       0x35 /tmp/ccCPOriE.debug.temp.o
 .note.GNU-stack
                0x00000000        0x0 /tmp/ccCPOriE.debug.temp.o
 .comment       0x00000000       0x35 /tmp/ccoUgILv.debug.temp.o
 .note.GNU-stack
                0x00000000        0x0 /tmp/ccoUgILv.debug.temp.o
 .comment       0x00000000       0x35 /tmp/ccwoQmsi.debug.temp.o
 .note.GNU-stack
                0x00000000        0x0 /tmp/ccwoQmsi.debug.temp.o
 .comment       0x00000000       0x35 /tmp/cc9wUXex.debug.temp.o
 .note.GNU-stack
                0x00000000        0x0 /tmp/cc9wUXex.debug.temp.o
 .comment       0x00000000       0x35 /tmp/ccZQoxHm.debug.temp.o
 .note.GNU-stack
                0x00000000        0x0 /tmp/ccZQoxHm.debug.temp.o
 .data          0x00000000        0x0 ch32fun/ch32fun//../misc/libgcc.a(div.o)
 .bss           0x00000000        0x0 ch32fun/ch32fun//../misc/libgcc.a(div.o)

Memory Configuration

Name             Origin             Length             Attributes
FLASH            0x00000000         0x00004000         xr
RAM              0x20000000         0x00000800         xrw
*default*        0x00000000         0xffffffff

Linker script and memory map

LOAD /tmp/ccZvWqp0.o
LOAD /tmp/cctwuAKK.ltrans0.ltrans.o
LOAD /tmp/ccCPOriE.debug.temp.o
LOAD /tmp/ccoUgILv.debug.temp.o
LOAD /tmp/ccwoQmsi.debug.temp.o
LOAD /tmp/cc9wUXex.debug.temp.o
LOAD /tmp/ccZQoxHm.debug.temp.o
LOAD /tmp/cc3iyFKc.o
LOAD /tmp/ccrJNPYs.o
LOAD /tmp/ccg7qOMO.o
LOAD /tmp/ccucWe8P.o
LOAD ch32fun/ch32fun//../misc/libgcc.a
LOAD ch32fun/ch32fun//../misc/libgcc.a

.init           0x00000000       0xa0
                0x00000000                        _sinit = .
                0x00000000                        . = ALIGN (0x4)
 *(SORT_NONE(.init))
 .init          0x00000000       0x9e /tmp/cctwuAKK.ltrans0.ltrans.o
                0x00000000                InterruptVectorDefault
                0x00000000                InterruptVector
                0x000000a0                        . = ALIGN (0x4)
 *fill*         0x0000009e        0x2 
                0x000000a0                        _einit = .

.text           0x000000a0      0x8f0
                0x000000a0                        . = ALIGN (0x4)
 *(.text)
 .text          0x000000a0       0x7e ch32fun/ch32fun//../misc/libgcc.a(div.o)
                0x000000a0                __divsi3
                0x000000a8                __hidden___udivsi3
                0x000000a8                __udivsi3
                0x000000d4                __umodsi3
                0x000000f8                __modsi3
 *(.text.*)
 .text.PrintHex
                0x0000011e       0x5a /tmp/cctwuAKK.ltrans0.ltrans.o
 .text.str_eq   0x00000178       0x22 /tmp/cctwuAKK.ltrans0.ltrans.o
 .text.uart_send_char
                0x0000019a       0x14 /tmp/cctwuAKK.ltrans0.ltrans.o
 .text.uart_send_string
                0x000001ae       0x1c /tmp/cctwuAKK.ltrans0.ltrans.o
 .text.print_help
                0x000001ca       0x40 /tmp/cctwuAKK.ltrans0.ltrans.o
 .text.uart_send_number
                0x0000020a       0x5e /tmp/cctwuAKK.ltrans0.ltrans.o
 .text.handle_reset
                0x00000268       0x78 /tmp/cctwuAKK.ltrans0.ltrans.o
                0x00000268                handle_reset
 .text.vector_handler
                0x000002e0       0x5a /tmp/cctwuAKK.ltrans0.ltrans.o
                0x000002e0                OPCM_IRQHandler
                0x000002e0                EXTI2_IRQHandler
                0x000002e0                TIM8_TRG_COM_IRQHandler
                0x000002e0                TIM8_CC_IRQHandler
                0x000002e0                USART_WKUP_IRQHandler
                0x000002e0                UART8_IRQHandler
                0x000002e0                SPI4_IRQHandler
                0x000002e0                NFC_IRQHandler
                0x000002e0                DFSDM0_IRQHandler
                0x000002e0                TIM1_CC_IRQHandler
                0x000002e0                HardFault_Handler
                0x000002e0                TIM10_IRQHandler
                0x000002e0                GPIOB_IRQHandler
                0x000002e0                IPC_CH2_Handler
                0x000002e0                USBPD_IRQHandler
                0x000002e0                TIM6_IRQHandler
                0x000002e0                GPIOA_IRQHandler
                0x000002e0                SysTick_Handler
                0x000002e0                CAN3_RX1_IRQHandler
                0x000002e0                I3C_ER_IRQHandler
                0x000002e0                PVD_IRQHandler
                0x000002e0                SDIO_IRQHandler
                0x000002e0                TIM9_BRK_IRQHandler
                0x000002e0                DMA2_Channel8_IRQHandler
                0x000002e0                CAN2_RX1_IRQHandler
                0x000002e0                EXTI3_IRQHandler
                0x000002e0                HSEM_Handler
                0x000002e0                UART1_IRQHandler
                0x000002e0                USBHS_IRQHandler
                0x000002e0                LPTIM2_IRQHandler
                0x000002e0                DMA2_Channel9_IRQHandler
                0x000002e0                TIM10_CC_IRQHandler
                0x000002e0                EXTI25_16_IRQHandler
                0x000002e0                I2C3_ER_IRQHandler
                0x000002e0                USBFS_IRQHandler
                0x000002e0                UART0_IRQHandler
                0x000002e0                USART8_IRQHandler
                0x000002e0                EXTI0_IRQHandler
                0x000002e0                I2C2_EV_IRQHandler
                0x000002e0                TIM10_TRG_COM_IRQHandler
                0x000002e0                LPTIM_IRQHandler
                0x000002e0                CAN1_RX0_IRQHandler
                0x000002e0                CAN3_SCE_IRQHandler
                0x000002e0                CAN2_SCE_IRQHandler
                0x000002e0                ADC1_2_IRQHandler
                0x000002e0                BB_IRQHandler
                0x000002e0                Break_Point_Handler
                0x000002e0                IPC_CH0_Handler
                0x000002e0                TIM2_CC_IRQHandler
                0x000002e0                SPI1_IRQHandler
                0x000002e0                USART5_IRQHandler
                0x000002e0                TAMPER_IRQHandler
                0x000002e0                TMR0_IRQHandler
                0x000002e0                AWU_IRQHandler
                0x000002e0                EXTI7_0_IRQHandler
                0x000002e0                CAN2_RX0_IRQHandler
                0x000002e0                OSCWakeUp_IRQHandler
                0x000002e0                TIM8_UP_IRQHandler
                0x000002e0                Ecall_M_Mode_Handler
                0x000002e0                ECDC_IRQHandler
                0x000002e0                SDMMC_IRQHandler
                0x000002e0                USART7_IRQHandler
                0x000002e0                DMA2_Channel2_IRQHandler
                0x000002e0                DMA1_Channel4_IRQHandler
                0x000002e0                ADC1_IRQHandler
                0x000002e0                TIM2_BRK_IRQHandler
                0x000002e0                USART6_IRQHandler
                0x000002e0                CAN3_RX0_IRQHandler
                0x000002e0                HSADC_IRQHandler
                0x000002e0                TIM9_UP_IRQHandler
                0x000002e0                USART3_IRQHandler
                0x000002e0                RTC_IRQHandler
                0x000002e0                DMA1_Channel7_IRQHandler
                0x000002e0                LED_IRQHandler
                0x000002e0                CAN1_RX1_IRQHandler
                0x000002e0                DVP_IRQHandler
                0x000002e0                UART5_IRQHandler
                0x000002e0                USBSS_IRQHandler
                0x000002e0                SWPMI_IRQHandler
                0x000002e0                USBPDWakeUp_IRQHandler
                0x000002e0                EXTI15_8_IRQHandler
                0x000002e0                TIM4_IRQHandler
                0x000002e0                DMA2_Channel1_IRQHandler
                0x000002e0                SWPMI_WKUP_IRQHandler
                0x000002e0                USBPD_WKUP_IRQHandler
                0x000002e0                I2C1_EV_IRQHandler
                0x000002e0                USBSSWakeup_IRQHandler
                0x000002e0                UART2_IRQHandler
                0x000002e0                USART4_IRQHandler
                0x000002e0                PWMX_IRQHandler
                0x000002e0                DMA1_Channel6_IRQHandler
                0x000002e0                UART4_IRQHandler
                0x000002e0                DMA2_Channel4_IRQHandler
                0x000002e0                TIM3_IRQHandler
                0x000002e0                RCC_IRQHandler
                0x000002e0                TIM1_TRG_COM_IRQHandler
                0x000002e0                DMA1_Channel1_IRQHandler
                0x000002e0                DMA2_Channel7_IRQHandler
                0x000002e0                QSPI1_IRQHandler
                0x000002e0                EXTI15_10_IRQHandler
                0x000002e0                ADC_IRQHandler
                0x000002e0                IPC_CH3_Handler
                0x000002e0                DMA1_Channel8_IRQHandler
                0x000002e0                I3C_EV_IRQHandler
                0x000002e0                TMR2_IRQHandler
                0x000002e0                I3C_WKUP_IRQHandler
                0x000002e0                DefaultIRQHandler
                0x000002e0                TIM12_IRQHandler
                0x000002e0                TIM7_IRQHandler
                0x000002e0                CAN2_TX_IRQHandler
                0x000002e0                TIM5_IRQHandler
                0x000002e0                I2C3_EV_IRQHandler
                0x000002e0                USB_IRQHandler
                0x000002e0                EXTI9_5_IRQHandler
                0x000002e0                PIOC_IRQHandler
                0x000002e0                TIM9_IRQHandler
                0x000002e0                LTDC_IRQHandler
                0x000002e0                SAI_IRQHandler
                0x000002e0                SPI2_IRQHandler
                0x000002e0                OSC32KCal_IRQHandler
                0x000002e0                IPC_CH1_Handler
                0x000002e0                I2C_IRQHandler
                0x000002e0                LPTIM1_WKUP_IRQHandler
                0x000002e0                TIM10_BRK_IRQHandler
                0x000002e0                TIM9_CC_IRQHandler
                0x000002e0                CAN1_TX_IRQHandler
                0x000002e0                DMA2_Channel5_IRQHandler
                0x000002e0                USB2_IRQHandler
                0x000002e0                USBHSWakeUp_IRQHandler
                0x000002e0                DMA1_Channel5_IRQHandler
                0x000002e0                EXTI4_IRQHandler
                0x000002e0                USB_LP_CAN1_RX0_IRQHandler
                0x000002e0                QSPI2_IRQHandler
                0x000002e0                RNG_IRQHandler
                0x000002e0                USB_HP_CAN1_TX_IRQHandler
                0x000002e0                LLE_IRQHandler
                0x000002e0                CMPWakeUp_IRQHandler
                0x000002e0                DMA1_Channel3_IRQHandler
                0x000002e0                FSMC_IRQHandler
                0x000002e0                ETH_IRQHandler
                0x000002e0                TIM1_UP_IRQHandler
                0x000002e0                LPTIMWakeUp_IRQHandler
                0x000002e0                WWDG_IRQHandler
                0x000002e0                USBHSWakeup_IRQHandler
                0x000002e0                DMA2_Channel11_IRQHandler
                0x000002e0                WDOG_BAT_IRQHandler
                0x000002e0                Ecall_U_Mode_Handler
                0x000002e0                I2C4_EV_IRQHandler
                0x000002e0                CAN3_TX_IRQHandler
                0x000002e0                TMR3_IRQHandler
                0x000002e0                DMA2_Channel6_IRQHandler
                0x000002e0                SW_Handler
                0x000002e0                TIM1_BRK_IRQHandler
                0x000002e0                GPHA_IRQHandler
                0x000002e0                OPA_IRQHandler
                0x000002e0                DMA2_Channel10_IRQHandler
                0x000002e0                EXTI1_IRQHandler
                0x000002e0                SPI0_IRQHandler
                0x000002e0                USB2_HOST_IRQHandler
                0x000002e0                LPTIM2_WKUP_IRQHandler
                0x000002e0                RTCAlarm_IRQHandler
                0x000002e0                TIM11_IRQHandler
                0x000002e0                TIM10_UP_IRQHandler
                0x000002e0                TIM9_TRG_COM_IRQHandler
                0x000002e0                UART7_IRQHandler
                0x000002e0                USART2_IRQHandler
                0x000002e0                UART6_IRQHandler
                0x000002e0                UHSIF_IRQHandler
                0x000002e0                ETHWakeUp_IRQHandler
                0x000002e0                I2C2_ER_IRQHandler
                0x000002e0                DMA1_Channel2_IRQHandler
                0x000002e0                TIM8_BRK_IRQHandler
                0x000002e0                TIM2_TRG_IRQHandler
                0x000002e0                CAN1_SCE_IRQHandler
                0x000002e0                FLASH_IRQHandler
                0x000002e0                USBFSWakeUp_IRQHandler
                0x000002e0                USART1_IRQHandler
                0x000002e0                OTG_FS_IRQHandler
                0x000002e0                SPI3_IRQHandler
                0x000002e0                USBFS_WakeUp_IRQHandler
                0x000002e0                UART3_IRQHandler
                0x000002e0                I2C1_ER_IRQHandler
                0x000002e0                FMC_IRQHandler
                0x000002e0                USB2_DEVICE_IRQHandler
                0x000002e0                LPTIM1_IRQHandler
                0x000002e0                DFSDM1_IRQHandler
                0x000002e0                TMR1_IRQHandler
                0x000002e0                I2C4_ER_IRQHandler
                0x000002e0                SERDES_IRQHandler
                0x000002e0                USBSS_LINK_IRQHandler
                0x000002e0                USBWakeUp_IRQHandler
                0x000002e0                DMA2_Channel3_IRQHandler
                0x0000032c                NMI_Handler
                0x0000032c                NMI_RCC_CSS_IRQHandler
 .text.SystemInit
                0x0000033a       0x54 /tmp/cctwuAKK.ltrans0.ltrans.o
                0x0000033a                SystemInit
 .text.startup.main
                0x0000038e      0x386 /tmp/cctwuAKK.ltrans0.ltrans.o
                0x0000038e                main
 .text.TIM2_IRQHandler
                0x00000714       0x30 /tmp/cctwuAKK.ltrans0.ltrans.o
 *(.rodata)
 *(.rodata*)
 *fill*         0x00000744        0x0 
 .rodata.print_help.str1.4
                0x00000744      0x249 /tmp/cctwuAKK.ltrans0.ltrans.o
                                0x100 (size before relaxing)
 .rodata.main.str1.4
                0x0000098d        0x0 /tmp/cctwuAKK.ltrans0.ltrans.o
                                0x149 (size before relaxing)
 *(.gnu.linkonce.t.*)
                0x00000990                        . = ALIGN (0x4)
 *fill*         0x0000098d        0x3 

.eh_frame_hdr   0x00000990        0x0
 .eh_frame_hdr  0x00000990        0x0 /tmp/cctwuAKK.ltrans0.ltrans.o

.rela.dyn       0x00000990        0x0
 .rela.text.handle_reset
                0x00000990        0x0 /tmp/cctwuAKK.ltrans0.ltrans.o

.fini           0x00000990        0x0
 *(SORT_NONE(.fini))
                0x00000990                        . = ALIGN (0x4)
                [!provide]                        PROVIDE (_etext = .)
                [!provide]                        PROVIDE (_eitcm = .)

.preinit_array  0x00000990        0x0
                [!provide]                        PROVIDE (__preinit_array_start = .)
 *(.preinit_array)
                [!provide]                        PROVIDE (__preinit_array_end = .)

.init_array     0x00000990        0x0
                0x00000990                        PROVIDE (__init_array_start = .)
 *(SORT_BY_INIT_PRIORITY(.init_array.*) SORT_BY_INIT_PRIORITY(.ctors.*))
 *(.init_array EXCLUDE_FILE(*crtend?.o *crtend.o *crtbegin?.o *crtbegin.o) .ctors)
                0x00000990                        PROVIDE (__init_array_end = .)

.fini_array     0x00000990        0x0
                [!provide]                        PROVIDE (__fini_array_start = .)
 *(SORT_BY_INIT_PRIORITY(.fini_array.*) SORT_BY_INIT_PRIORITY(.dtors.*))
 *(.fini_array EXCLUDE_FILE(*crtend?.o *crtend.o *crtbegin?.o *crtbegin.o) .dtors)
                [!provide]                        PROVIDE (__fini_array_end = .)

.ctors
 *crtbegin.o(.ctors)
 *crtbegin?.o(.ctors)
 *(EXCLUDE_FILE(*crtend?.o *crtend.o) .ctors)
 *(SORT_BY_NAME(.ctors.*))
 *(.ctors)

.dtors
 *crtbegin.o(.dtors)
 *crtbegin?.o(.dtors)
 *(EXCLUDE_FILE(*crtend?.o *crtend.o) .dtors)
 *(SORT_BY_NAME(.dtors.*))
 *(.dtors)

.dalign         0x20000000        0x0 load address 0x00000990
                0x20000000                        . = ALIGN (0x4)
                0x20000000                        PROVIDE (_data_vma = .)

.dlalign        0x00000990        0x0
                0x00000990                        . = ALIGN (0x4)
                0x00000990                        PROVIDE (_data_lma = .)

.data           0x20000000        0x0 load address 0x00000990
                0x20000000                        . = ALIGN (0x4)
                0x200003fc                        __global_pointer$ = (. + 0x3fc)
 *(.gnu.linkonce.r.*)
 *(.data .data.*)
 *(.gnu.linkonce.d.*)
                0x20000000                        . = ALIGN (0x8)
 *(.sdata .sdata.*)
 *(.sdata2*)
 *(.gnu.linkonce.s.*)
                0x20000000                        . = ALIGN (0x8)
 *(.srodata.cst16)
 *(.srodata.cst8)
 *(.srodata.cst4)
 *(.srodata.cst2)
 *(.srodata .srodata.*)
                0x20000000                        . = ALIGN (0x4)
                0x20000000                        PROVIDE (_edata = .)

.bss            0x20000000        0x4 load address 0x00000990
                0x20000000                        . = ALIGN (0x4)
                0x20000000                        PROVIDE (_sbss = .)
 *(.sbss*)
 .sbss.ticks    0x20000000        0x4 /tmp/cctwuAKK.ltrans0.ltrans.o
 *(.gnu.linkonce.sb.*)
 *(.bss*)
 *(.gnu.linkonce.b.*)
 *(COMMON*)
                0x20000004                        . = ALIGN (0x4)
                0x20000004                        PROVIDE (_ebss = .)
                [!provide]                        PROVIDE (_end = _ebss)
                [!provide]                        PROVIDE (end = .)
                0x20000800                        PROVIDE (_eusrstack = (ORIGIN (RAM) + LENGTH (RAM)))

/DISCARD/
 *(.note .note.*)
 *(.eh_frame .eh_frame.*)
 *(.comment .comment.*)
 *(.ARM.extab* .gnu.linkonce.armextab.*)
 *(.ARM.exidx*)
OUTPUT(app/main.elf elf32-littleriscv)

.riscv.attributes
                0x00000000       0x2c
 .riscv.attributes
                0x00000000       0x2c /tmp/cctwuAKK.ltrans0.ltrans.o
 .riscv.attributes
                0x0000002c       0x1f ch32fun/ch32fun//../misc/libgcc.a(div.o)

.debug_info     0x00000000     0x3b64
 .debug_info    0x00000000     0x19e0 /tmp/cctwuAKK.ltrans0.ltrans.o
 .debug_info    0x000019e0     0x114d /tmp/ccCPOriE.debug.temp.o
                0x000019e0                ch32fun.c.ff644941
 .debug_info    0x00002b2d      0x34c /tmp/ccoUgILv.debug.temp.o
                0x00002b2d                main.c.73758e26
 .debug_info    0x00002e79      0x6db /tmp/ccwoQmsi.debug.temp.o
                0x00002e79                timer.c.f5610a1b
 .debug_info    0x00003554      0x283 /tmp/cc9wUXex.debug.temp.o
                0x00003554                gpio.c.a7417b09
 .debug_info    0x000037d7      0x330 /tmp/ccZQoxHm.debug.temp.o
                0x000037d7                uart.c.756fc733
 .debug_info    0x00003b07       0x5d ch32fun/ch32fun//../misc/libgcc.a(div.o)

.debug_abbrev   0x00000000      0xa4d
 .debug_abbrev  0x00000000      0x264 /tmp/cctwuAKK.ltrans0.ltrans.o
 .debug_abbrev  0x00000264      0x281 /tmp/ccCPOriE.debug.temp.o
 .debug_abbrev  0x000004e5      0x1ab /tmp/ccoUgILv.debug.temp.o
 .debug_abbrev  0x00000690      0x170 /tmp/ccwoQmsi.debug.temp.o
 .debug_abbrev  0x00000800       0xfc /tmp/cc9wUXex.debug.temp.o
 .debug_abbrev  0x000008fc      0x129 /tmp/ccZQoxHm.debug.temp.o
 .debug_abbrev  0x00000a25       0x28 ch32fun/ch32fun//../misc/libgcc.a(div.o)

.debug_loclists
                0x00000000     0x1f05
 .debug_loclists
                0x00000000     0x1f05 /tmp/cctwuAKK.ltrans0.ltrans.o

.debug_aranges  0x00000000      0x198
 .debug_aranges
                0x00000000      0x178 /tmp/cctwuAKK.ltrans0.ltrans.o
 .debug_aranges
                0x00000178       0x20 ch32fun/ch32fun//../misc/libgcc.a(div.o)

.debug_rnglists
                0x00000000      0x2e6
 .debug_rnglists
                0x00000000      0x2e6 /tmp/cctwuAKK.ltrans0.ltrans.o

.debug_line     0x00000000     0x325d
 .debug_line    0x00000000     0x2f31 /tmp/cctwuAKK.ltrans0.ltrans.o
 .debug_line    0x00002f31       0x68 /tmp/ccCPOriE.debug.temp.o
 .debug_line    0x00002f99       0x6d /tmp/ccoUgILv.debug.temp.o
 .debug_line    0x00003006       0x5a /tmp/ccwoQmsi.debug.temp.o
 .debug_line    0x00003060       0x55 /tmp/cc9wUXex.debug.temp.o
 .debug_line    0x000030b5       0x55 /tmp/ccZQoxHm.debug.temp.o
 .debug_line    0x0000310a      0x153 ch32fun/ch32fun//../misc/libgcc.a(div.o)

.debug_str      0x00000000      0xd54
 .debug_str     0x00000000      0xd54 /tmp/cctwuAKK.ltrans0.ltrans.o
                                0x1e9 (size before relaxing)
 .debug_str     0x00000d54        0x0 /tmp/ccCPOriE.debug.temp.o
                                0x78a (size before relaxing)
 .debug_str     0x00000d54        0x0 /tmp/ccoUgILv.debug.temp.o
                                0x2fc (size before relaxing)
 .debug_str     0x00000d54        0x0 /tmp/ccwoQmsi.debug.temp.o
                                0x58d (size before relaxing)
 .debug_str     0x00000d54        0x0 /tmp/cc9wUXex.debug.temp.o
                                0x28e (size before relaxing)
 .debug_str     0x00000d54        0x0 /tmp/ccZQoxHm.debug.temp.o
                                0x2f4 (size before relaxing)
 .debug_str     0x00000d54        0x0 ch32fun/ch32fun//../misc/libgcc.a(div.o)
                                 0xd9 (size before relaxing)

.debug_line_str
                0x00000000      0x23b
 .debug_line_str
                0x00000000      0x23b /tmp/cctwuAKK.ltrans0.ltrans.o
                                 0xbe (size before relaxing)
 .debug_line_str
                0x0000023b        0x0 /tmp/ccCPOriE.debug.temp.o
                                0x12b (size before relaxing)
 .debug_line_str
                0x0000023b        0x0 /tmp/ccoUgILv.debug.temp.o
                                 0xf7 (size before relaxing)
 .debug_line_str
                0x0000023b        0x0 /tmp/ccwoQmsi.debug.temp.o
                                 0xd8 (size before relaxing)
 .debug_line_str
                0x0000023b        0x0 /tmp/cc9wUXex.debug.temp.o
                                 0xcc (size before relaxing)
 .debug_line_str
                0x0000023b        0x0 /tmp/ccZQoxHm.debug.temp.o
                                 0xcc (size before relaxing)
 .debug_line_str
                0x0000023b        0x0 ch32fun/ch32fun//../misc/libgcc.a(div.o)
                                 0x92 (size before relaxing)
